Component: ARM Compiler 5.06 update 2 (build 183) Tool: armlink [4d35b7]

==============================================================================

Section Cross References

    system_stm32l1xx.o(i.RCC_GetClocksFreq) refers to system_stm32l1xx.o(.data) for .data
    system_stm32l1xx.o(i.SystemInit) refers to system_stm32l1xx.o(i.SetSysClock) for SetSysClock
    startup_stm32l1xx_md.o(STACK) refers (Special) to heapauxi.o(.text) for __use_two_region_memory
    startup_stm32l1xx_md.o(HEAP) refers (Special) to heapauxi.o(.text) for __use_two_region_memory
    startup_stm32l1xx_md.o(RESET) refers (Special) to heapauxi.o(.text) for __use_two_region_memory
    startup_stm32l1xx_md.o(RESET) refers to startup_stm32l1xx_md.o(STACK) for __initial_sp
    startup_stm32l1xx_md.o(RESET) refers to startup_stm32l1xx_md.o(.text) for Reset_Handler
    startup_stm32l1xx_md.o(RESET) refers to systick.o(i.SysTick_Handler) for SysTick_Handler
    startup_stm32l1xx_md.o(RESET) refers to usart.o(i.USART1_IRQHandler) for USART1_IRQHandler
    startup_stm32l1xx_md.o(RESET) refers to si4432.o(i.EXTI15_10_IRQHandler) for EXTI15_10_IRQHandler
    startup_stm32l1xx_md.o(.text) refers (Special) to heapauxi.o(.text) for __use_two_region_memory
    startup_stm32l1xx_md.o(.text) refers to system_stm32l1xx.o(i.SystemInit) for SystemInit
    startup_stm32l1xx_md.o(.text) refers to __main.o(!!!main) for __main
    startup_stm32l1xx_md.o(.text) refers to startup_stm32l1xx_md.o(HEAP) for Heap_Mem
    startup_stm32l1xx_md.o(.text) refers to startup_stm32l1xx_md.o(STACK) for Stack_Mem
    cmdprocess.o(i.DataSend_Thread) refers to cmdprocess.o(i.Process_FIFOData) for Process_FIFOData
    cmdprocess.o(i.DataSend_Thread) refers to cmdprocess.o(.bss) for .bss
    cmdprocess.o(i.DataSend_Thread) refers to phymsgproc.o(.bss) for phy_snd433fifo
    cmdprocess.o(i.FIFOInit) refers to phymsgproc.o(i.PHY_RcvFIFO_Init) for PHY_RcvFIFO_Init
    cmdprocess.o(i.FIFOInit) refers to thread.o(i.Thread_Login) for Thread_Login
    cmdprocess.o(i.FIFOInit) refers to cmdprocess.o(.bss) for .bss
    cmdprocess.o(i.FIFOInit) refers to fifodataproc.o(i.decryptfifo_getEx) for decryptfifo_getEx
    cmdprocess.o(i.FIFOInit) refers to cmdprocess.o(i.Msg_Process) for Msg_Process
    cmdprocess.o(i.FIFOInit) refers to fifodataproc.o(i.decryptfifo_get) for decryptfifo_get
    cmdprocess.o(i.FIFOInit) refers to phymsgproc.o(i.PHY_433Send) for PHY_433Send
    cmdprocess.o(i.FIFOInit) refers to phymsgproc.o(i.PHY_USARTSend) for PHY_USARTSend
    cmdprocess.o(i.FIFOInit) refers to cmdprocess.o(i.DataSend_Thread) for DataSend_Thread
    cmdprocess.o(i.MsgReviceProc) refers to cmdprocess.o(i.Process_FIFOData) for Process_FIFOData
    cmdprocess.o(i.MsgReviceProc) refers to cmdprocess.o(.bss) for .bss
    cmdprocess.o(i.MsgReviceProc) refers to phymsgproc.o(.bss) for phy_rcv433fifo
    cmdprocess.o(i.Msg_Execute) refers to unitcfg.o(i.UnitCnt_Get) for UnitCnt_Get
    cmdprocess.o(i.Msg_Execute) refers to bestfulib.o(i.memmove) for memmove
    cmdprocess.o(i.Msg_Execute) refers to unitcfg.o(.constdata) for UnitTab
    cmdprocess.o(i.Msg_Execute) refers to unitcfg.o(.data) for gUnitData
    cmdprocess.o(i.Msg_Feedback) refers to phymsgproc.o(i.GetCurrentSrcFifoPtr) for GetCurrentSrcFifoPtr
    cmdprocess.o(i.Msg_Feedback) refers to fifodataproc.o(i.EncryptCmd_put) for EncryptCmd_put
    cmdprocess.o(i.Msg_Feedback) refers to faultmanage.o(i.Fault_Upload) for Fault_Upload
    cmdprocess.o(i.Msg_Feedback) refers to userdata.o(.bss) for gSysData
    cmdprocess.o(i.Msg_Process) refers to object.o(i.Object_Check) for Object_Check
    cmdprocess.o(i.Msg_Process) refers to cmdprocess.o(i.Msg_Execute) for Msg_Execute
    cmdprocess.o(i.Msg_Process) refers to cmdprocess.o(i.Msg_ReturnType) for Msg_ReturnType
    cmdprocess.o(i.Msg_Process) refers to cmdprocess.o(i.Msg_Feedback) for Msg_Feedback
    cmdprocess.o(i.Process_FIFOData) refers to userdata.o(.bss) for gSysData
    crc.o(i.ChkCrcValue) refers to crc.o(.constdata) for .constdata
    crc.o(i.ChkCrcValueEx) refers to crc.o(.constdata) for .constdata
    deviceupgradeattr.o(i.Get_433Channel_Attr) refers to updata.o(i.Channel_Get) for Channel_Get
    deviceupgradeattr.o(i.Get_DevUpgradeReady_Attr) refers to devparttab.o(i.GetDevPivotalSet) for GetDevPivotalSet
    deviceupgradeattr.o(i.Get_IAPPackCheck_Attr) refers to updata.o(i.Updata_PackCheck) for Updata_PackCheck
    deviceupgradeattr.o(i.Get_IAPPackCheck_Attr) refers to updata.o(.data) for UpgradeSrc
    deviceupgradeattr.o(i.Get_IAPReady_Attr) refers to iwdg.o(i.IWDG_Feed) for IWDG_Feed
    deviceupgradeattr.o(i.Get_IAPReady_Attr) refers to deviceupgradeattr.o(i.Get_DevUpgradeReady_Attr) for Get_DevUpgradeReady_Attr
    deviceupgradeattr.o(i.Get_IAPReady_Attr) refers to deviceupgradeattr.o(i.Get_IAPPackCheck_Attr) for Get_IAPPackCheck_Attr
    deviceupgradeattr.o(i.Set_433Channel_Attr) refers to updata.o(i.Channel_Get) for Channel_Get
[...]
    ..\SysHard\Program.c                     0x00000000   Number         0  program.o ABSOLUTE
    ..\SysHard\SI4432.c                      0x00000000   Number         0  si4432.o ABSOLUTE
    ..\SysHard\SysHard.c                     0x00000000   Number         0  syshard.o ABSOLUTE
    ..\SysHard\SysTick.c                     0x00000000   Number         0  systick.o ABSOLUTE
    ..\SysHard\cpu.asm                       0x00000000   Number         0  cpu.o ABSOLUTE
    ..\SysHard\flash.c                       0x00000000   Number         0  flash.o ABSOLUTE
    ..\SysHard\gpio.c                        0x00000000   Number         0  gpio.o ABSOLUTE
    ..\SysHard\i2c.c                         0x00000000   Number         0  i2c.o ABSOLUTE
    ..\SysHard\iwdg.c                        0x00000000   Number         0  iwdg.o ABSOLUTE
    ..\SysHard\spi.c                         0x00000000   Number         0  spi.o ABSOLUTE
    ..\SysHard\sys.c                         0x00000000   Number         0  sys.o ABSOLUTE
    ..\SysHard\usart.c                       0x00000000   Number         0  usart.o ABSOLUTE
    DataEncrypt.c                            0x00000000   Number         0  dataencrypt.o ABSOLUTE
    dc.s                                     0x00000000   Number         0  dc.o ABSOLUTE
    RESET                                    0x08000800   Section      244  startup_stm32l1xx_md.o(RESET)
    !!!main                                  0x080008f4   Section        8  __main.o(!!!main)
    !!!scatter                               0x080008fc   Section       52  __scatter.o(!!!scatter)
    !!dczerorl2                              0x08000930   Section       90  __dczerorl2.o(!!dczerorl2)
    !!handler_zi                             0x0800098c   Section       28  __scatter_zi.o(!!handler_zi)
    .ARM.Collect$$libinit$$00000000          0x080009a8   Section        2  libinit.o(.ARM.Collect$$libinit$$00000000)
    .ARM.Collect$$libinit$$00000002          0x080009aa   Section        0  libinit2.o(.ARM.Collect$$libinit$$00000002)
    .ARM.Collect$$libinit$$00000004          0x080009aa   Section        0  libinit2.o(.ARM.Collect$$libinit$$00000004)
    .ARM.Collect$$libinit$$0000000A          0x080009aa   Section        0  libinit2.o(.ARM.Collect$$libinit$$0000000A)
    .ARM.Collect$$libinit$$0000000C          0x080009aa   Section        0  libinit2.o(.ARM.Collect$$libinit$$0000000C)
    .ARM.Collect$$libinit$$0000000E          0x080009aa   Section        0  libinit2.o(.ARM.Collect$$libinit$$0000000E)
    .ARM.Collect$$libinit$$00000011          0x080009aa   Section        0  libinit2.o(.ARM.Collect$$libinit$$00000011)
    .ARM.Collect$$libinit$$00000013          0x080009aa   Section        0  libinit2.o(.ARM.Collect$$libinit$$00000013)
    .ARM.Collect$$libinit$$00000015          0x080009aa   Section        0  libinit2.o(.ARM.Collect$$libinit$$00000015)
    .ARM.Collect$$libinit$$00000017          0x080009aa   Section        0  libinit2.o(.ARM.Collect$$libinit$$00000017)
    .ARM.Collect$$libinit$$00000019          0x080009aa   Section        0  libinit2.o(.ARM.Collect$$libinit$$00000019)
    .ARM.Collect$$libinit$$0000001B          0x080009aa   Section        0  libinit2.o(.ARM.Collect$$libinit$$0000001B)
    .ARM.Collect$$libinit$$0000001D          0x080009aa   Section        0  libinit2.o(.ARM.Collect$$libinit$$0000001D)
    .ARM.Collect$$libinit$$0000001F          0x080009aa   Section        0  libinit2.o(.ARM.Collect$$libinit$$0000001F)
    .ARM.Collect$$libinit$$00000021          0x080009aa   Section        0  libinit2.o(.ARM.Collect$$libinit$$00000021)
    .ARM.Collect$$libinit$$00000023          0x080009aa   Section        0  libinit2.o(.ARM.Collect$$libinit$$00000023)
    .ARM.Collect$$libinit$$00000025          0x080009aa   Section        0  libinit2.o(.ARM.Collect$$libinit$$00000025)
    .ARM.Collect$$libinit$$0000002C          0x080009aa   Section        0  libinit2.o(.ARM.Collect$$libinit$$0000002C)
    .ARM.Collect$$libinit$$0000002E          0x080009aa   Section        0  libinit2.o(.ARM.Collect$$libinit$$0000002E)
    .ARM.Collect$$libinit$$00000030          0x080009aa   Section        0  libinit2.o(.ARM.Collect$$libinit$$00000030)
    .ARM.Collect$$libinit$$00000032          0x080009aa   Section        0  libinit2.o(.ARM.Collect$$libinit$$00000032)
    .ARM.Collect$$libinit$$00000033          0x080009aa   Section        2  libinit2.o(.ARM.Collect$$libinit$$00000033)
    .ARM.Collect$$libshutdown$$00000000      0x080009ac   Section        2  libshutdown.o(.ARM.Collect$$libshutdown$$00000000)
    .ARM.Collect$$libshutdown$$00000002      0x080009ae   Section        0  libshutdown2.o(.ARM.Collect$$libshutdown$$00000002)
    .ARM.Collect$$libshutdown$$00000004      0x080009ae   Section        0  libshutdown2.o(.ARM.Collect$$libshutdown$$00000004)
    .ARM.Collect$$libshutdown$$00000007      0x080009ae   Section        0  libshutdown2.o(.ARM.Collect$$libshutdown$$00000007)
    .ARM.Collect$$libshutdown$$0000000A      0x080009ae   Section        0  libshutdown2.o(.ARM.Collect$$libshutdown$$0000000A)
    .ARM.Collect$$libshutdown$$0000000C      0x080009ae   Section        0  libshutdown2.o(.ARM.Collect$$libshutdown$$0000000C)
    .ARM.Collect$$libshutdown$$0000000F      0x080009ae   Section        0  libshutdown2.o(.ARM.Collect$$libshutdown$$0000000F)
    .ARM.Collect$$libshutdown$$00000010      0x080009ae   Section        2  libshutdown2.o(.ARM.Collect$$libshutdown$$00000010)
    .ARM.Collect$$rtentry$$00000000          0x080009b0   Section        0  __rtentry.o(.ARM.Collect$$rtentry$$00000000)
    .ARM.Collect$$rtentry$$00000002          0x080009b0   Section        0  __rtentry2.o(.ARM.Collect$$rtentry$$00000002)
    .ARM.Collect$$rtentry$$00000004          0x080009b0   Section        6  __rtentry4.o(.ARM.Collect$$rtentry$$00000004)
    .ARM.Collect$$rtentry$$00000009          0x080009b6   Section        0  __rtentry2.o(.ARM.Collect$$rtentry$$00000009)
    .ARM.Collect$$rtentry$$0000000A          0x080009b6   Section        4  __rtentry2.o(.ARM.Collect$$rtentry$$0000000A)
    .ARM.Collect$$rtentry$$0000000C          0x080009ba   Section        0  __rtentry2.o(.ARM.Collect$$rtentry$$0000000C)
    .ARM.Collect$$rtentry$$0000000D          0x080009ba   Section        8  __rtentry2.o(.ARM.Collect$$rtentry$$0000000D)
    .ARM.Collect$$rtexit$$00000000           0x080009c2   Section        2  rtexit.o(.ARM.Collect$$rtexit$$00000000)
    .ARM.Collect$$rtexit$$00000002           0x080009c4   Section        0  rtexit2.o(.ARM.Collect$$rtexit$$00000002)
    .ARM.Collect$$rtexit$$00000003           0x080009c4   Section        4  rtexit2.o(.ARM.Collect$$rtexit$$00000003)
    .ARM.Collect$$rtexit$$00000004           0x080009c8   Section        6  rtexit2.o(.ARM.Collect$$rtexit$$00000004)
    .text                                    0x080009d0   Section       64  startup_stm32l1xx_md.o(.text)
    .text                                    0x08000a10   Section       48  cpu.o(.text)
    .text                                    0x08000a40   Section        0  dataencrypt.o(.text)
    KeyEncodeSwapBits                        0x08000a41   Thumb Code    60  dataencrypt.o(.text)
    KeyEncodeXor                             0x08000a7d   Thumb Code    26  dataencrypt.o(.text)
    KeyEncodeShift                           0x08000a97   Thumb Code   402  dataencrypt.o(.text)
    KeyEncode                                0x08000c29   Thumb Code   142  dataencrypt.o(.text)
    DataFieldEncodeOrDecode                  0x08000cb7   Thumb Code    32  dataencrypt.o(.text)
    CheckDataFieldCRC                        0x08000cd7   Thumb Code    24  dataencrypt.o(.text)
    GetEncodeFromKey                         0x08000cef   Thumb Code    48  dataencrypt.o(.text)
    .text                                    0x08000dfc   Section        0  heapauxi.o(.text)
    .text                                    0x08000e02   Section       74  sys_stackheap_outer.o(.text)
    .text                                    0x08000e4c   Section        0  exit.o(.text)
    .text                                    0x08000e60   Section        8  libspace.o(.text)
    .text                                    0x08000e68   Section        0  sys_exit.o(.text)
    .text                                    0x08000e74   Section        2  use_no_semi.o(.text)
    .text                                    0x08000e76   Section        0  indicate_semi.o(.text)
    i.AppJump_Init                           0x08000e78   Section        0  updata.o(i.AppJump_Init)
    i.Channel_Get                            0x08000ea0   Section        0  updata.o(i.Channel_Get)
    i.Check_433M_Busy                        0x08000ee8   Section        0  si4432.o(i.Check_433M_Busy)
    Check_433M_Busy                          0x08000ee9   Thumb Code   134  si4432.o(i.Check_433M_Busy)
    i.Check_Repeat                           0x08000f7c   Section        0  object.o(i.Check_Repeat)
    Check_Repeat                             0x08000f7d   Thumb Code   132  object.o(i.Check_Repeat)
    i.ChkCrcValue                            0x08001008   Section        0  crc.o(i.ChkCrcValue)
    i.DataSend_Thread                        0x08001034   Section        0  cmdprocess.o(i.DataSend_Thread)
    DataSend_Thread                          0x08001035   Thumb Code    22  cmdprocess.o(i.DataSend_Thread)
    i.Delay_nNOP                             0x0800105c   Section        0  i2c.o(i.Delay_nNOP)
    Delay_nNOP                               0x0800105d   Thumb Code    22  i2c.o(i.Delay_nNOP)
    i.DevPivotalSetInit                      0x08001074   Section        0  devparttab.o(i.DevPivotalSetInit)
    i.EXTI15_10_IRQHandler                   0x080010fc   Section        0  si4432.o(i.EXTI15_10_IRQHandler)
    i.EXTI_NVIC_Config                       0x08001118   Section        0  sys.o(i.EXTI_NVIC_Config)
    i.EncryptCmd_put                         0x08001178   Section        0  fifodataproc.o(i.EncryptCmd_put)
    i.FIFOInit                               0x080011f8   Section        0  cmdprocess.o(i.FIFOInit)
    i.FLASH_ErasePage                        0x08001280   Section        0  flash.o(i.FLASH_ErasePage)
    i.FaultData_Init                         0x080012d0   Section        0  faultmanage.o(i.FaultData_Init)
    i.FaultData_Save                         0x080012da   Section        0  faultmanage.o(i.FaultData_Save)
    i.FaultMsg                               0x080012fc   Section        0  upload.o(i.FaultMsg)
    FaultMsg                                 0x080012fd   Thumb Code    12  upload.o(i.FaultMsg)
    i.Fault_Upload                           0x0800130c   Section        0  faultmanage.o(i.Fault_Upload)
    i.Flash_ChipSize                         0x08001358   Section        0  program.o(i.Flash_ChipSize)
    i.Flash_DefaultValue                     0x08001364   Section        0  program.o(i.Flash_DefaultValue)
    i.Flash_EOP                              0x08001368   Section        0  flash.o(i.Flash_EOP)
    Flash_EOP                                0x08001369   Thumb Code    20  flash.o(i.Flash_EOP)
    i.Flash_Status                           0x08001380   Section        0  flash.o(i.Flash_Status)
    Flash_Status                             0x08001381   Thumb Code    42  flash.o(i.Flash_Status)
    i.Flash_Unlock                           0x080013b0   Section        0  flash.o(i.Flash_Unlock)
    i.Flash_Write                            0x080013ec   Section        0  flash.o(i.Flash_Write)
    i.Flash_lock                             0x08001424   Section        0  flash.o(i.Flash_lock)
    i.GPIO_Config                            0x08001434   Section        0  gpio.o(i.GPIO_Config)
    i.GPIO_ReadInputDataBit                  0x080014d8   Section        0  gpio.o(i.GPIO_ReadInputDataBit)
    i.GPIO_ResetBits                         0x080014f0   Section        0  gpio.o(i.GPIO_ResetBits)
    i.GPIO_SetBits                           0x08001500   Section        0  gpio.o(i.GPIO_SetBits)
    i.GetCurrentSrcFifoPtr                   0x08001510   Section        0  phymsgproc.o(i.GetCurrentSrcFifoPtr)
    i.GetDevPivotalSet                       0x0800154c   Section        0  devparttab.o(i.GetDevPivotalSet)
    i.Get_433Channel_Attr                    0x08001558   Section        0  deviceupgradeattr.o(i.Get_433Channel_Attr)
    i.Get_DevUpgradeReady_Attr               0x0800156a   Section        0  deviceupgradeattr.o(i.Get_DevUpgradeReady_Attr)
    Get_DevUpgradeReady_Attr                 0x0800156b   Thumb Code    62  deviceupgradeattr.o(i.Get_DevUpgradeReady_Attr)
    i.Get_DeviceType_Attr                    0x080015a8   Section        0  sysexeattr.o(i.Get_DeviceType_Attr)
    i.Get_IAPPackCheck_Attr                  0x080015ec   Section        0  deviceupgradeattr.o(i.Get_IAPPackCheck_Attr)
    Get_IAPPackCheck_Attr                    0x080015ed   Thumb Code    60  deviceupgradeattr.o(i.Get_IAPPackCheck_Attr)
    i.Get_IAPReady_Attr                      0x08001630   Section        0  deviceupgradeattr.o(i.Get_IAPReady_Attr)
    i.Get_Version_Attr                       0x08001668   Section        0  sysexeattr.o(i.Get_Version_Attr)
    i.HardID_Check                           0x080016e0   Section        0  syshard.o(i.HardID_Check)
    i.I2C_ACK                                0x08001738   Section        0  i2c.o(i.I2C_ACK)
    I2C_ACK                                  0x08001739   Thumb Code    70  i2c.o(i.I2C_ACK)
    i.I2C_Init                               0x0800177e   Section        0  i2c.o(i.I2C_Init)
    i.I2C_RecvB_Ack                          0x0800179e   Section        0  i2c.o(i.I2C_RecvB_Ack)
    I2C_RecvB_Ack                            0x0800179f   Thumb Code   126  i2c.o(i.I2C_RecvB_Ack)
    i.I2C_SendB_Ack                          0x0800181c   Section        0  i2c.o(i.I2C_SendB_Ack)
    I2C_SendB_Ack                            0x0800181d   Thumb Code    96  i2c.o(i.I2C_SendB_Ack)
    i.I2C_Start                              0x0800187c   Section        0  i2c.o(i.I2C_Start)
    I2C_Start                                0x0800187d   Thumb Code    50  i2c.o(i.I2C_Start)
    i.I2C_Stop                               0x080018ae   Section        0  i2c.o(i.I2C_Stop)
    I2C_Stop                                 0x080018af   Thumb Code    48  i2c.o(i.I2C_Stop)
    i.I2C_WaitAck                            0x080018de   Section        0  i2c.o(i.I2C_WaitAck)
    I2C_WaitAck                              0x080018df   Thumb Code   124  i2c.o(i.I2C_WaitAck)
    i.IIC_GetState                           0x0800195a   Section        0  i2c.o(i.IIC_GetState)
    i.IIC_Read                               0x0800197e   Section        0  i2c.o(i.IIC_Read)
    i.IIC_Write                              0x080019e4   Section        0  i2c.o(i.IIC_Write)
    i.IIC_WriteSame                          0x08001a30   Section        0  i2c.o(i.IIC_WriteSame)
    i.IWDG_Config                            0x08001a7c   Section        0  iwdg.o(i.IWDG_Config)
    i.IWDG_Feed                              0x08001aa8   Section        0  iwdg.o(i.IWDG_Feed)
    i.IWDG_FeedOFF                           0x08001ab8   Section        0  iwdg.o(i.IWDG_FeedOFF)
    i.Instruct_Run                           0x08001ac4   Section        0  instruct.o(i.Instruct_Run)
    i.JumpToCode                             0x08001ac8   Section        0  sys.o(i.JumpToCode)
    i.MY_NVIC_Init                           0x08001aec   Section        0  sys.o(i.MY_NVIC_Init)
    i.MY_NVIC_PriorityGroupConfig            0x08001b2c   Section        0  sys.o(i.MY_NVIC_PriorityGroupConfig)
    i.MsgReviceProc                          0x08001b50   Section        0  cmdprocess.o(i.MsgReviceProc)
    i.Msg_Execute                            0x08001b78   Section        0  cmdprocess.o(i.Msg_Execute)
    i.Msg_Feedback                           0x08001c80   Section        0  cmdprocess.o(i.Msg_Feedback)
    i.Msg_Package                            0x08001cf8   Section        0  msgpackage.o(i.Msg_Package)
    Msg_Package                              0x08001cf9   Thumb Code    68  msgpackage.o(i.Msg_Package)
    i.Msg_Process                            0x08001d40   Section        0  cmdprocess.o(i.Msg_Process)
    Msg_Process                              0x08001d41   Thumb Code   100  cmdprocess.o(i.Msg_Process)
    i.Msg_ReturnType                         0x08001da4   Section        0  cmdprocess.o(i.Msg_ReturnType)
    Msg_ReturnType                           0x08001da5   Thumb Code    34  cmdprocess.o(i.Msg_ReturnType)
    i.Msg_Upload                             0x08001dc6   Section        0  msgpackage.o(i.Msg_Upload)
    i.Msg_UploadUnit                         0x08001dfa   Section        0  msgpackage.o(i.Msg_UploadUnit)
    i.Object_Check                           0x08001e30   Section        0  object.o(i.Object_Check)
    i.PHY_433Send                            0x08001ea4   Section        0  phymsgproc.o(i.PHY_433Send)
    i.PHY_RcvFIFO_Init                       0x08001eb0   Section        0  phymsgproc.o(i.PHY_RcvFIFO_Init)
    i.PHY_USARTSend                          0x08001efc   Section        0  phymsgproc.o(i.PHY_USARTSend)
    i.Process_FIFOData                       0x08001f00   Section        0  cmdprocess.o(i.Process_FIFOData)
    i.Program_Erase                          0x08001f60   Section        0  program.o(i.Program_Erase)
    i.Program_Read                           0x08001f94   Section        0  program.o(i.Program_Read)
    i.Program_Write                          0x08001fb0   Section        0  program.o(i.Program_Write)
    i.RCC_GetClocksFreq                      0x08001fd8   Section        0  system_stm32l1xx.o(i.RCC_GetClocksFreq)
    i.ReadDataFromEEPROM                     0x08002088   Section        0  eeprom.o(i.ReadDataFromEEPROM)
    i.RecDataToFifo                          0x080020f0   Section        0  si4432.o(i.RecDataToFifo)
    RecDataToFifo                            0x080020f1   Thumb Code   278  si4432.o(i.RecDataToFifo)
    i.SI4432_SendEn                          0x0800220c   Section        0  si4432.o(i.SI4432_SendEn)
    SI4432_SendEn                            0x0800220d   Thumb Code     8  si4432.o(i.SI4432_SendEn)
    i.SI4432_Send_All_Data                   0x08002218   Section        0  si4432.o(i.SI4432_Send_All_Data)
    SI4432_Send_All_Data                     0x08002219   Thumb Code   152  si4432.o(i.SI4432_Send_All_Data)
    i.SPI2_Init                              0x080022b0   Section        0  spi.o(i.SPI2_Init)
    i.SPI2_ReadWriteByte                     0x08002378   Section        0  spi.o(i.SPI2_ReadWriteByte)
    i.SPI2_SetSpeed                          0x080023c0   Section        0  spi.o(i.SPI2_SetSpeed)
    i.SPI_RW_Reg                             0x080023e4   Section        0  si4432.o(i.SPI_RW_Reg)
    SPI_RW_Reg                               0x080023e5   Thumb Code    44  si4432.o(i.SPI_RW_Reg)
    i.SetMode_RX                             0x08002410   Section        0  si4432.o(i.SetMode_RX)
    SetMode_RX                               0x08002411   Thumb Code    78  si4432.o(i.SetMode_RX)
    i.SetMode_TX                             0x08002464   Section        0  si4432.o(i.SetMode_TX)
    SetMode_TX                               0x08002465   Thumb Code    30  si4432.o(i.SetMode_TX)
    i.SetSysClock                            0x08002484   Section        0  system_stm32l1xx.o(i.SetSysClock)
    SetSysClock                              0x08002485   Thumb Code   190  system_stm32l1xx.o(i.SetSysClock)
    i.Set_433Channel_Attr                    0x08002550   Section        0  deviceupgradeattr.o(i.Set_433Channel_Attr)
    i.Set_IAPDataCRC_Attr                    0x08002598   Section        0  deviceupgradeattr.o(i.Set_IAPDataCRC_Attr)
    Set_IAPDataCRC_Attr                      0x08002599   Thumb Code   100  deviceupgradeattr.o(i.Set_IAPDataCRC_Attr)
    i.Set_IAPPackSave_Attr                   0x08002608   Section        0  deviceupgradeattr.o(i.Set_IAPPackSave_Attr)
    i.Set_IAPReady_Attr                      0x08002650   Section        0  deviceupgradeattr.o(i.Set_IAPReady_Attr)
    i.Set_UserDataFormat_Attr                0x0800267a   Section        0  sysexeattr.o(i.Set_UserDataFormat_Attr)
    i.Si4432_Fault                           0x080026b8   Section        0  si4432.o(i.Si4432_Fault)
    Si4432_Fault                             0x080026b9   Thumb Code    10  si4432.o(i.Si4432_Fault)
    i.Si4432_Idle                            0x080026c8   Section        0  si4432.o(i.Si4432_Idle)
    i.Si4432_Init                            0x08002714   Section        0  si4432.o(i.Si4432_Init)
    i.Si4432_PortInit                        0x080029a8   Section        0  si4432.o(i.Si4432_PortInit)
    Si4432_PortInit                          0x080029a9   Thumb Code   108  si4432.o(i.Si4432_PortInit)
    i.Si4432_Send                            0x08002a18   Section        0  si4432.o(i.Si4432_Send)
    i.Si4432_Threshold                       0x08002a60   Section        0  si4432.o(i.Si4432_Threshold)
    Si4432_Threshold                         0x08002a61   Thumb Code   212  si4432.o(i.Si4432_Threshold)
    i.SysAttr_Init                           0x08002b3c   Section        0  sysexeattr.o(i.SysAttr_Init)
    i.SysEEPROMData_Init                     0x08002b6c   Section        0  userdata.o(i.SysEEPROMData_Init)
    i.SysHard_Init                           0x08002ba8   Section        0  syshard.o(i.SysHard_Init)
    i.SysTick_Handler                        0x08002bcc   Section        0  systick.o(i.SysTick_Handler)
    i.SysTick_Init                           0x08002bf0   Section        0  systick.o(i.SysTick_Init)
    i.Sys_UnitAttrNum                        0x08002c14   Section        0  sysexeattr.o(i.Sys_UnitAttrNum)
    i.SystemInit                             0x08002c18   Section        0  system_stm32l1xx.o(i.SystemInit)
    i.Thread_Check                           0x08002c70   Section        0  thread.o(i.Thread_Check)
    Thread_Check                             0x08002c71   Thumb Code    28  thread.o(i.Thread_Check)
    i.Thread_Init                            0x08002c90   Section        0  thread.o(i.Thread_Init)
    i.Thread_Login                           0x08002c9c   Section        0  thread.o(i.Thread_Login)
    i.Thread_Logout                          0x08002d28   Section        0  thread.o(i.Thread_Logout)
    i.Thread_Process                         0x08002d6c   Section        0  thread.o(i.Thread_Process)
    i.Thread_RunCheck                        0x08002df0   Section        0  thread.o(i.Thread_RunCheck)
    i.Thread_Wake                            0x08002e2c   Section        0  thread.o(i.Thread_Wake)
    i.Time_Get                               0x08002e94   Section        0  systick.o(i.Time_Get)
    i.USART1_IRQHandler                      0x08002ea0   Section        0  usart.o(i.USART1_IRQHandler)
    i.USART_Init                             0x08002ed4   Section        0  usart.o(i.USART_Init)
    i.USART_Send                             0x08002f88   Section        0  usart.o(i.USART_Send)
    i.USART_Write                            0x08002fa8   Section        0  usart.o(i.USART_Write)
    USART_Write                              0x08002fa9   Thumb Code    42  usart.o(i.USART_Write)
    i.UnitCnt_Get                            0x08002fd8   Section        0  unitcfg.o(i.UnitCnt_Get)
    i.UnitPrivateEEPROMData_Init             0x08002fdc   Section        0  userdata.o(i.UnitPrivateEEPROMData_Init)
    i.UnitPrivateEEPROMUnitData_Init         0x08002ff8   Section        0  userdata.o(i.UnitPrivateEEPROMUnitData_Init)
    i.UnitPublicEEPROMData_Get               0x08003010   Section        0  userdata.o(i.UnitPublicEEPROMData_Get)
    i.UnitPublicEEPROMData_Init              0x08003030   Section        0  userdata.o(i.UnitPublicEEPROMData_Init)
    i.UnitPublicEEPROMUnitData_Init          0x0800304c   Section        0  userdata.o(i.UnitPublicEEPROMUnitData_Init)
    i.Unit_Init                              0x08003074   Section        0  unitcfg.o(i.Unit_Init)
    i.Updata_Calibrate                       0x080030a4   Section        0  updata.o(i.Updata_Calibrate)
    i.Updata_Channel                         0x080030c4   Section        0  updata.o(i.Updata_Channel)
    i.Updata_Flag                            0x08003138   Section        0  updata.o(i.Updata_Flag)
    i.Updata_PackCheck                       0x08003178   Section        0  updata.o(i.Updata_PackCheck)
    i.Updata_PackProcess                     0x080031c4   Section        0  updata.o(i.Updata_PackProcess)
    i.UpgradePreStage                        0x0800321c   Section        0  updata.o(i.UpgradePreStage)
    i.UpgradeReady                           0x0800327c   Section        0  updata.o(i.UpgradeReady)
    UpgradeReady                             0x0800327d   Thumb Code    68  updata.o(i.UpgradeReady)
    i.Upload_Fault                           0x080032c0   Section        0  upload.o(i.Upload_Fault)
    i.Upload_RESTART                         0x080032e4   Section        0  sysexeattr.o(i.Upload_RESTART)
    Upload_RESTART                           0x080032e5   Thumb Code     6  sysexeattr.o(i.Upload_RESTART)
    i.UserData_Init                          0x080032ec   Section        0  userdata.o(i.UserData_Init)
    i.UserEEPROMData_Init                    0x08003350   Section        0  userdata.o(i.UserEEPROMData_Init)
    i.WriteDataToEEPROM                      0x08003384   Section        0  eeprom.o(i.WriteDataToEEPROM)
    i.WriteDataToEEPROMEx                    0x080033ea   Section        0  eeprom.o(i.WriteDataToEEPROMEx)
    i.decryptfifo_get                        0x08003450   Section        0  fifodataproc.o(i.decryptfifo_get)
    i.decryptfifo_getEx                      0x080034e8   Section        0  fifodataproc.o(i.decryptfifo_getEx)
    i.delay_ms                               0x08003518   Section        0  delay.o(i.delay_ms)
    i.delay_us                               0x08003534   Section        0  delay.o(i.delay_us)
    i.fifo_Init                              0x08003546   Section        0  fifo.o(i.fifo_Init)
    i.fifo_cmp                               0x0800355c   Section        0  fifo.o(i.fifo_cmp)
    i.fifo_empty                             0x08003592   Section        0  fifo.o(i.fifo_empty)
    i.fifo_find                              0x080035a2   Section        0  fifo.o(i.fifo_find)
    i.fifo_full                              0x080035ee   Section        0  fifo.o(i.fifo_full)
    fifo_full                                0x080035ef   Thumb Code    28  fifo.o(i.fifo_full)
    i.fifo_gets                              0x0800360a   Section        0  fifo.o(i.fifo_gets)
    i.fifo_putc                              0x08003670   Section        0  fifo.o(i.fifo_putc)
    i.fifo_puts                              0x080036a6   Section        0  fifo.o(i.fifo_puts)
    i.fifo_surplusSize                       0x080036fe   Section        0  fifo.o(i.fifo_surplusSize)
    fifo_surplusSize                         0x080036ff   Thumb Code    24  fifo.o(i.fifo_surplusSize)
    i.fifo_validSize                         0x08003716   Section        0  fifo.o(i.fifo_validSize)
    i.head_put                               0x0800372c   Section        0  fifodataproc.o(i.head_put)
    i.main                                   0x08003738   Section        0  main.o(i.main)
    i.memcmp                                 0x0800375a   Section        0  bestfulib.o(i.memcmp)
    i.memcpy                                 0x0800377c   Section        0  bestfulib.o(i.memcpy)
    i.memmove                                0x08003794   Section        0  bestfulib.o(i.memmove)
    i.memset                                 0x080037ce   Section        0  bestfulib.o(i.memset)
    i.tail_put                               0x080037e0   Section        0  fifodataproc.o(i.tail_put)
    .constdata                               0x080037ec   Section      512  crc.o(.constdata)
    .constdata                               0x080039ec   Section        6  pivotaldatatype.o(.constdata)
    .constdata                               0x080039f2   Section        6  pivotaldatatype.o(.constdata)
    .constdata                               0x080039f8   Section       96  sysexeattr.o(.constdata)
    .constdata                               0x08003a58   Section       72  devparttab.o(.constdata)
    .constdata                               0x08003aa0   Section        8  si4432.o(.constdata)
    randWait_Tab                             0x08003aa0   Data           8  si4432.o(.constdata)
    .constdata                               0x08003aa8   Section       20  unitcfg.o(.constdata)
    .constdata                               0x08003abc   Section       16  dataencrypt.o(.constdata)
    .data                                    0x20000000   Section       33  system_stm32l1xx.o(.data)
    .data                                    0x20000024   Section        8  object.o(.data)
    seat                                     0x20000024   Data           1  object.o(.data)
    .data                                    0x2000002c   Section      265  updata.o(.data)
    .data                                    0x20000135   Section        1  userdata.o(.data)
    cnt                                      0x20000135   Data           1  userdata.o(.data)
    .data                                    0x20000136   Section        1  upload.o(.data)
    Fault                                    0x20000136   Data           1  upload.o(.data)
    .data                                    0x20000138   Section        4  devparttab.o(.data)
    pDevPivotalSet                           0x20000138   Data           4  devparttab.o(.data)
    .data                                    0x2000013c   Section        4  systick.o(.data)
    su_timer                                 0x2000013c   Data           4  systick.o(.data)
    .data                                    0x20000140   Section       24  si4432.o(.data)
    Threshold                                0x20000140   Data           1  si4432.o(.data)
    seat                                     0x20000141   Data           1  si4432.o(.data)
    SI4432SendEn                             0x20000142   Data           1  si4432.o(.data)
    busyTime                                 0x20000144   Data           2  si4432.o(.data)
    idleTime                                 0x20000146   Data           2  si4432.o(.data)
    rand                                     0x20000148   Data           2  si4432.o(.data)
    buf                                      0x2000014a   Data           4  si4432.o(.data)
    time                                     0x20000150   Data           4  si4432.o(.data)
    calculTime                               0x20000154   Data           4  si4432.o(.data)
    .data                                    0x20000158   Section        8  unitcfg.o(.data)
    .data                                    0x20000160   Section        8  dataencrypt.o(.data)
    DevMac                                   0x20000160   Data           4  dataencrypt.o(.data)
    ActiveKey                                0x20000164   Data           4  dataencrypt.o(.data)
    .bss                                     0x20000168   Section     1088  cmdprocess.o(.bss)
    .bss                                     0x200005a8   Section      280  object.o(.bss)
    RData                                    0x200005a8   Data         280  object.o(.bss)
    .bss                                     0x200006c0   Section     4200  phymsgproc.o(.bss)
    MsgSrcFIFOPtr                            0x200006c0   Data          40  phymsgproc.o(.bss)
    phy_rcv433Buf                            0x20000708   Data        1024  phymsgproc.o(.bss)
    phy_snd433Buf                            0x20000b08   Data        1024  phymsgproc.o(.bss)
    phy_rcvUsartBuf                          0x20000f28   Data        1024  phymsgproc.o(.bss)
    phy_sndUsartBuf                          0x20001328   Data        1024  phymsgproc.o(.bss)
    .bss                                     0x20001728   Section      324  thread.o(.bss)
    thread                                   0x20001728   Data         324  thread.o(.bss)
    .bss                                     0x2000186c   Section       32  updata.o(.bss)
    .bss                                     0x2000188c   Section       31  userdata.o(.bss)
    .bss                                     0x200018ac   Section       96  libspace.o(.bss)
    HEAP                                     0x20001910   Section      512  startup_stm32l1xx_md.o(HEAP)
    Heap_Mem                                 0x20001910   Data         512  startup_stm32l1xx_md.o(HEAP)
    STACK                                    0x20001b10   Section     1024  startup_stm32l1xx_md.o(STACK)
    Stack_Mem                                0x20001b10   Data        1024  startup_stm32l1xx_md.o(STACK)
    __initial_sp                             0x20001f10   Data           0  startup_stm32l1xx_md.o(STACK)

    Global Symbols

    Symbol Name                              Value     Ov Type        Size  Object(Section)

    BuildAttributes$$THM_ISAv4$P$D$K$B$S$PE$A:L22UL41UL21$X:L11$S22US41US21$IEEE1$IW$USESV6$~STKCKD$USESV7$~SHL$OSPACE$ROPI$EBA8$UX$STANDARDLIB$REQ8$PRES8$EABIv2 0x00000000   Number         0  anon$$obj.o ABSOLUTE
    __ARM_use_no_argv                        0x00000000   Number         0  main.o ABSOLUTE
    __ARM_exceptions_init                     - Undefined Weak Reference
    __alloca_initialize                       - Undefined Weak Reference
    __arm_preinit_                            - Undefined Weak Reference
    __cpp_initialize__aeabi_                  - Undefined Weak Reference
    __cxa_finalize                            - Undefined Weak Reference
    __rt_locale                               - Undefined Weak Reference
    __sigvec_lookup                           - Undefined Weak Reference
    _atexit_init                              - Undefined Weak Reference
    _call_atexit_fns                          - Undefined Weak Reference
    _clock_init                               - Undefined Weak Reference
    _fp_trap_init                             - Undefined Weak Reference
    _fp_trap_shutdown                         - Undefined Weak Reference
    _get_lc_collate                           - Undefined Weak Reference
    _get_lc_ctype                             - Undefined Weak Reference
    _get_lc_monetary                          - Undefined Weak Reference
    _get_lc_numeric                           - Undefined Weak Reference
    _get_lc_time                              - Undefined Weak Reference
    _getenv_init                              - Undefined Weak Reference
    _handle_redirection                       - Undefined Weak Reference
    _init_alloc                               - Undefined Weak Reference
    _init_user_alloc                          - Undefined Weak Reference
    _initio                                   - Undefined Weak Reference
    _rand_init                                - Undefined Weak Reference
    _signal_finish                            - Undefined Weak Reference
    _signal_init                              - Undefined Weak Reference
    _terminate_alloc                          - Undefined Weak Reference
    _terminate_user_alloc                     - Undefined Weak Reference
    _terminateio                              - Undefined Weak Reference
    __Vectors_Size                           0x000000f4   Number         0  startup_stm32l1xx_md.o ABSOLUTE
    __Vectors                                0x08000800   Data           4  startup_stm32l1xx_md.o(RESET)
    __Vectors_End                            0x080008f4   Data           0  startup_stm32l1xx_md.o(RESET)
    __main                                   0x080008f5   Thumb Code     8  __main.o(!!!main)
    __scatterload                            0x080008fd   Thumb Code     0  __scatter.o(!!!scatter)
    __scatterload_rt2                        0x080008fd   Thumb Code    44  __scatter.o(!!!scatter)
    __scatterload_rt2_thumb_only             0x080008fd   Thumb Code     0  __scatter.o(!!!scatter)
    __scatterload_null                       0x0800090b   Thumb Code     0  __scatter.o(!!!scatter)
    __decompress                             0x08000931   Thumb Code    90  __dczerorl2.o(!!dczerorl2)
    __decompress1                            0x08000931   Thumb Code     0  __dczerorl2.o(!!dczerorl2)
    __scatterload_zeroinit                   0x0800098d   Thumb Code    28  __scatter_zi.o(!!handler_zi)
    __rt_lib_init                            0x080009a9   Thumb Code     0  libinit.o(.ARM.Collect$$libinit$$00000000)
    __rt_lib_init_alloca_1                   0x080009ab   Thumb Code     0  libinit2.o(.ARM.Collect$$libinit$$0000002E)
    __rt_lib_init_argv_1                     0x080009ab   Thumb Code     0  libinit2.o(.ARM.Collect$$libinit$$0000002C)
    __rt_lib_init_atexit_1                   0x080009ab   Thumb Code     0  libinit2.o(.ARM.Collect$$libinit$$0000001B)
    __rt_lib_init_clock_1                    0x080009ab   Thumb Code     0  libinit2.o(.ARM.Collect$$libinit$$00000021)
    __rt_lib_init_cpp_1                      0x080009ab   Thumb Code     0  libinit2.o(.ARM.Collect$$libinit$$00000032)
    __rt_lib_init_exceptions_1               0x080009ab   Thumb Code     0  libinit2.o(.ARM.Collect$$libinit$$00000030)
    __rt_lib_init_fp_1                       0x080009ab   Thumb Code     0  libinit2.o(.ARM.Collect$$libinit$$00000002)
    __rt_lib_init_fp_trap_1                  0x080009ab   Thumb Code     0  libinit2.o(.ARM.Collect$$libinit$$0000001F)
    __rt_lib_init_getenv_1                   0x080009ab   Thumb Code     0  libinit2.o(.ARM.Collect$$libinit$$00000023)
    __rt_lib_init_heap_1                     0x080009ab   Thumb Code     0  libinit2.o(.ARM.Collect$$libinit$$0000000A)
    __rt_lib_init_lc_collate_1               0x080009ab   Thumb Code     0  libinit2.o(.ARM.Collect$$libinit$$00000011)
    __rt_lib_init_lc_ctype_1                 0x080009ab   Thumb Code     0  libinit2.o(.ARM.Collect$$libinit$$00000013)
    __rt_lib_init_lc_monetary_1              0x080009ab   Thumb Code     0  libinit2.o(.ARM.Collect$$libinit$$00000015)
    __rt_lib_init_lc_numeric_1               0x080009ab   Thumb Code     0  libinit2.o(.ARM.Collect$$libinit$$00000017)
    __rt_lib_init_lc_time_1                  0x080009ab   Thumb Code     0  libinit2.o(.ARM.Collect$$libinit$$00000019)
    __rt_lib_init_preinit_1                  0x080009ab   Thumb Code     0  libinit2.o(.ARM.Collect$$libinit$$00000004)
    __rt_lib_init_rand_1                     0x080009ab   Thumb Code     0  libinit2.o(.ARM.Collect$$libinit$$0000000E)
    __rt_lib_init_return                     0x080009ab   Thumb Code     0  libinit2.o(.ARM.Collect$$libinit$$00000033)
    __rt_lib_init_signal_1                   0x080009ab   Thumb Code     0  libinit2.o(.ARM.Collect$$libinit$$0000001D)
    __rt_lib_init_stdio_1                    0x080009ab   Thumb Code     0  libinit2.o(.ARM.Collect$$libinit$$00000025)
    __rt_lib_init_user_alloc_1               0x080009ab   Thumb Code     0  libinit2.o(.ARM.Collect$$libinit$$0000000C)
    __rt_lib_shutdown                        0x080009ad   Thumb Code     0  libshutdown.o(.ARM.Collect$$libshutdown$$00000000)
    __rt_lib_shutdown_cpp_1                  0x080009af   Thumb Code     0  libshutdown2.o(.ARM.Collect$$libshutdown$$00000002)
    __rt_lib_shutdown_fp_trap_1              0x080009af   Thumb Code     0  libshutdown2.o(.ARM.Collect$$libshutdown$$00000007)
    __rt_lib_shutdown_heap_1                 0x080009af   Thumb Code     0  libshutdown2.o(.ARM.Collect$$libshutdown$$0000000F)
    __rt_lib_shutdown_return                 0x080009af   Thumb Code     0  libshutdown2.o(.ARM.Collect$$libshutdown$$00000010)
    __rt_lib_shutdown_signal_1               0x080009af   Thumb Code     0  libshutdown2.o(.ARM.Collect$$libshutdown$$0000000A)
    __rt_lib_shutdown_stdio_1                0x080009af   Thumb Code     0  libshutdown2.o(.ARM.Collect$$libshutdown$$00000004)
    __rt_lib_shutdown_user_alloc_1           0x080009af   Thumb Code     0  libshutdown2.o(.ARM.Collect$$libshutdown$$0000000C)
    __rt_entry                               0x080009b1   Thumb Code     0  __rtentry.o(.ARM.Collect$$rtentry$$00000000)
    __rt_entry_presh_1                       0x080009b1   Thumb Code     0  __rtentry2.o(.ARM.Collect$$rtentry$$00000002)
    __rt_entry_sh                            0x080009b1   Thumb Code     0  __rtentry4.o(.ARM.Collect$$rtentry$$00000004)
    __rt_entry_li                            0x080009b7   Thumb Code     0  __rtentry2.o(.ARM.Collect$$rtentry$$0000000A)
    __rt_entry_postsh_1                      0x080009b7   Thumb Code     0  __rtentry2.o(.ARM.Collect$$rtentry$$00000009)
    __rt_entry_main                          0x080009bb   Thumb Code     0  __rtentry2.o(.ARM.Collect$$rtentry$$0000000D)
    __rt_entry_postli_1                      0x080009bb   Thumb Code     0  __rtentry2.o(.ARM.Collect$$rtentry$$0000000C)
    __rt_exit                                0x080009c3   Thumb Code     0  rtexit.o(.ARM.Collect$$rtexit$$00000000)
    __rt_exit_ls                             0x080009c5   Thumb Code     0  rtexit2.o(.ARM.Collect$$rtexit$$00000003)
    __rt_exit_prels_1                        0x080009c5   Thumb Code     0  rtexit2.o(.ARM.Collect$$rtexit$$00000002)
    __rt_exit_exit                           0x080009c9   Thumb Code     0  rtexit2.o(.ARM.Collect$$rtexit$$00000004)
    Reset_Handler                            0x080009d1   Thumb Code     8  startup_stm32l1xx_md.o(.text)
    NMI_Handler                              0x080009d9   Thumb Code     2  startup_stm32l1xx_md.o(.text)
    HardFault_Handler                        0x080009db   Thumb Code     2  startup_stm32l1xx_md.o(.text)
    MemManage_Handler                        0x080009dd   Thumb Code     2  startup_stm32l1xx_md.o(.text)
    BusFault_Handler                         0x080009df   Thumb Code     2  startup_stm32l1xx_md.o(.text)
    UsageFault_Handler                       0x080009e1   Thumb Code     2  startup_stm32l1xx_md.o(.text)
    SVC_Handler                              0x080009e3   Thumb Code     2  startup_stm32l1xx_md.o(.text)
    DebugMon_Handler                         0x080009e5   Thumb Code     2  startup_stm32l1xx_md.o(.text)
    PendSV_Handler                           0x080009e7   Thumb Code     2  startup_stm32l1xx_md.o(.text)
    ADC1_IRQHandler                          0x080009eb   Thumb Code     0  startup_stm32l1xx_md.o(.text)
    COMP_IRQHandler                          0x080009eb   Thumb Code     0  startup_stm32l1xx_md.o(.text)
    DAC_IRQHandler                           0x080009eb   Thumb Code     0  startup_stm32l1xx_md.o(.text)
    DMA1_Channel1_IRQHandler                 0x080009eb   Thumb Code     0  startup_stm32l1xx_md.o(.text)
    DMA1_Channel2_IRQHandler                 0x080009eb   Thumb Code     0  startup_stm32l1xx_md.o(.text)
    DMA1_Channel3_IRQHandler                 0x080009eb   Thumb Code     0  startup_stm32l1xx_md.o(.text)
    DMA1_Channel4_IRQHandler                 0x080009eb   Thumb Code     0  startup_stm32l1xx_md.o(.text)
    DMA1_Channel5_IRQHandler                 0x080009eb   Thumb Code     0  startup_stm32l1xx_md.o(.text)
    DMA1_Channel6_IRQHandler                 0x080009eb   Thumb Code     0  startup_stm32l1xx_md.o(.text)
    DMA1_Channel7_IRQHandler                 0x080009eb   Thumb Code     0  startup_stm32l1xx_md.o(.text)
    EXTI0_IRQHandler                         0x080009eb   Thumb Code     0  startup_stm32l1xx_md.o(.text)
    EXTI1_IRQHandler                         0x080009eb   Thumb Code     0  startup_stm32l1xx_md.o(.text)
    EXTI2_IRQHandler                         0x080009eb   Thumb Code     0  startup_stm32l1xx_md.o(.text)
    EXTI3_IRQHandler                         0x080009eb   Thumb Code     0  startup_stm32l1xx_md.o(.text)
    EXTI4_IRQHandler                         0x080009eb   Thumb Code     0  startup_stm32l1xx_md.o(.text)
    EXTI9_5_IRQHandler                       0x080009eb   Thumb Code     0  startup_stm32l1xx_md.o(.text)
    FLASH_IRQHandler                         0x080009eb   Thumb Code     0  startup_stm32l1xx_md.o(.text)
    I2C1_ER_IRQHandler                       0x080009eb   Thumb Code     0  startup_stm32l1xx_md.o(.text)
    I2C1_EV_IRQHandler                       0x080009eb   Thumb Code     0  startup_stm32l1xx_md.o(.text)
    I2C2_ER_IRQHandler                       0x080009eb   Thumb Code     0  startup_stm32l1xx_md.o(.text)
    I2C2_EV_IRQHandler                       0x080009eb   Thumb Code     0  startup_stm32l1xx_md.o(.text)
    LCD_IRQHandler                           0x080009eb   Thumb Code     0  startup_stm32l1xx_md.o(.text)
    PVD_IRQHandler                           0x080009eb   Thumb Code     0  startup_stm32l1xx_md.o(.text)
    RCC_IRQHandler                           0x080009eb   Thumb Code     0  startup_stm32l1xx_md.o(.text)
    RTC_Alarm_IRQHandler                     0x080009eb   Thumb Code     0  startup_stm32l1xx_md.o(.text)
    RTC_WKUP_IRQHandler                      0x080009eb   Thumb Code     0  startup_stm32l1xx_md.o(.text)
    SPI1_IRQHandler                          0x080009eb   Thumb Code     0  startup_stm32l1xx_md.o(.text)
    SPI2_IRQHandler                          0x080009eb   Thumb Code     0  startup_stm32l1xx_md.o(.text)
    TAMPER_STAMP_IRQHandler                  0x080009eb   Thumb Code     0  startup_stm32l1xx_md.o(.text)
    TIM10_IRQHandler                         0x080009eb   Thumb Code     0  startup_stm32l1xx_md.o(.text)
    TIM11_IRQHandler                         0x080009eb   Thumb Code     0  startup_stm32l1xx_md.o(.text)
    TIM2_IRQHandler                          0x080009eb   Thumb Code     0  startup_stm32l1xx_md.o(.text)
    TIM3_IRQHandler                          0x080009eb   Thumb Code     0  startup_stm32l1xx_md.o(.text)
    TIM4_IRQHandler                          0x080009eb   Thumb Code     0  startup_stm32l1xx_md.o(.text)
    TIM6_IRQHandler                          0x080009eb   Thumb Code     0  startup_stm32l1xx_md.o(.text)
    TIM7_IRQHandler                          0x080009eb   Thumb Code     0  startup_stm32l1xx_md.o(.text)
    TIM9_IRQHandler                          0x080009eb   Thumb Code     0  startup_stm32l1xx_md.o(.text)
    USART2_IRQHandler                        0x080009eb   Thumb Code     0  startup_stm32l1xx_md.o(.text)
    USART3_IRQHandler                        0x080009eb   Thumb Code     0  startup_stm32l1xx_md.o(.text)
    USB_FS_WKUP_IRQHandler                   0x080009eb   Thumb Code     0  startup_stm32l1xx_md.o(.text)
    USB_HP_IRQHandler                        0x080009eb   Thumb Code     0  startup_stm32l1xx_md.o(.text)
    USB_LP_IRQHandler                        0x080009eb   Thumb Code     0  startup_stm32l1xx_md.o(.text)
    WWDG_IRQHandler                          0x080009eb   Thumb Code     0  startup_stm32l1xx_md.o(.text)
    __user_initial_stackheap                 0x080009ed   Thumb Code     0  startup_stm32l1xx_md.o(.text)
    CPU_SR_Save                              0x08000a11   Thumb Code     0  cpu.o(.text)
    CPU_SR_Restore                           0x08000a19   Thumb Code     0  cpu.o(.text)
    WFI_SET                                  0x08000a1f   Thumb Code     0  cpu.o(.text)
    Set_MSP                                  0x08000a21   Thumb Code     0  cpu.o(.text)
    SystemReset                              0x08000a27   Thumb Code     0  cpu.o(.text)
    EncryptData                              0x08000d1f   Thumb Code    80  dataencrypt.o(.text)
    DecryptData                              0x08000d6f   Thumb Code    86  dataencrypt.o(.text)
    EncryptInit                              0x08000dc5   Thumb Code    32  dataencrypt.o(.text)
    __use_two_region_memory                  0x08000dfd   Thumb Code     2  heapauxi.o(.text)
    __rt_heap_escrow$2region                 0x08000dff   Thumb Code     2  heapauxi.o(.text)
    __rt_heap_expand$2region                 0x08000e01   Thumb Code     2  heapauxi.o(.text)
    __user_setup_stackheap                   0x08000e03   Thumb Code    74  sys_stackheap_outer.o(.text)
    exit                                     0x08000e4d   Thumb Code    18  exit.o(.text)
    __user_libspace                          0x08000e61   Thumb Code     8  libspace.o(.text)
    __user_perproc_libspace                  0x08000e61   Thumb Code     0  libspace.o(.text)
    __user_perthread_libspace                0x08000e61   Thumb Code     0  libspace.o(.text)
    _sys_exit                                0x08000e69   Thumb Code     8  sys_exit.o(.text)
    __I$use$semihosting                      0x08000e75   Thumb Code     0  use_no_semi.o(.text)
    __use_no_semihosting_swi                 0x08000e75   Thumb Code     2  use_no_semi.o(.text)
    __semihosting_library_function           0x08000e77   Thumb Code     0  indicate_semi.o(.text)
    AppJump_Init                             0x08000e79   Thumb Code    30  updata.o(i.AppJump_Init)
    Channel_Get                              0x08000ea1   Thumb Code    68  updata.o(i.Channel_Get)
    ChkCrcValue                              0x08001009   Thumb Code    40  crc.o(i.ChkCrcValue)
    DevPivotalSetInit                        0x08001075   Thumb Code   124  devparttab.o(i.DevPivotalSetInit)
    EXTI15_10_IRQHandler                     0x080010fd   Thumb Code    18  si4432.o(i.EXTI15_10_IRQHandler)
    EXTI_NVIC_Config                         0x08001119   Thumb Code    84  sys.o(i.EXTI_NVIC_Config)
    EncryptCmd_put                           0x08001179   Thumb Code   118  fifodataproc.o(i.EncryptCmd_put)
    FIFOInit                                 0x080011f9   Thumb Code   108  cmdprocess.o(i.FIFOInit)
    FLASH_ErasePage                          0x08001281   Thumb Code    74  flash.o(i.FLASH_ErasePage)
    FaultData_Init                           0x080012d1   Thumb Code    10  faultmanage.o(i.FaultData_Init)
    FaultData_Save                           0x080012db   Thumb Code    34  faultmanage.o(i.FaultData_Save)
    Fault_Upload                             0x0800130d   Thumb Code    72  faultmanage.o(i.Fault_Upload)
    Flash_ChipSize                           0x08001359   Thumb Code     6  program.o(i.Flash_ChipSize)
    Flash_DefaultValue                       0x08001365   Thumb Code     4  program.o(i.Flash_DefaultValue)
    Flash_Unlock                             0x080013b1   Thumb Code    40  flash.o(i.Flash_Unlock)
    Flash_Write                              0x080013ed   Thumb Code    54  flash.o(i.Flash_Write)
    Flash_lock                               0x08001425   Thumb Code    12  flash.o(i.Flash_lock)
    GPIO_Config                              0x08001435   Thumb Code   154  gpio.o(i.GPIO_Config)
    GPIO_ReadInputDataBit                    0x080014d9   Thumb Code    20  gpio.o(i.GPIO_ReadInputDataBit)
    GPIO_ResetBits                           0x080014f1   Thumb Code    10  gpio.o(i.GPIO_ResetBits)
    GPIO_SetBits                             0x08001501   Thumb Code    10  gpio.o(i.GPIO_SetBits)
    GetCurrentSrcFifoPtr                     0x08001511   Thumb Code    52  phymsgproc.o(i.GetCurrentSrcFifoPtr)
    GetDevPivotalSet                         0x0800154d   Thumb Code     6  devparttab.o(i.GetDevPivotalSet)
    Get_433Channel_Attr                      0x08001559   Thumb Code    18  deviceupgradeattr.o(i.Get_433Channel_Attr)
    Get_DeviceType_Attr                      0x080015a9   Thumb Code    68  sysexeattr.o(i.Get_DeviceType_Attr)
    Get_IAPReady_Attr                        0x08001631   Thumb Code    54  deviceupgradeattr.o(i.Get_IAPReady_Attr)
    Get_Version_Attr                         0x08001669   Thumb Code   114  sysexeattr.o(i.Get_Version_Attr)
    HardID_Check                             0x080016e1   Thumb Code    74  syshard.o(i.HardID_Check)
    I2C_Init                                 0x0800177f   Thumb Code    32  i2c.o(i.I2C_Init)
    IIC_GetState                             0x0800195b   Thumb Code    36  i2c.o(i.IIC_GetState)
    IIC_Read                                 0x0800197f   Thumb Code   102  i2c.o(i.IIC_Read)
    IIC_Write                                0x080019e5   Thumb Code    76  i2c.o(i.IIC_Write)
    IIC_WriteSame                            0x08001a31   Thumb Code    74  i2c.o(i.IIC_WriteSame)
    IWDG_Config                              0x08001a7d   Thumb Code    36  iwdg.o(i.IWDG_Config)
    IWDG_Feed                                0x08001aa9   Thumb Code    10  iwdg.o(i.IWDG_Feed)
    IWDG_FeedOFF                             0x08001ab9   Thumb Code     6  iwdg.o(i.IWDG_FeedOFF)
    Instruct_Run                             0x08001ac5   Thumb Code     2  instruct.o(i.Instruct_Run)
    JumpToCode                               0x08001ac9   Thumb Code    32  sys.o(i.JumpToCode)
    MY_NVIC_Init                             0x08001aed   Thumb Code    62  sys.o(i.MY_NVIC_Init)
    MY_NVIC_PriorityGroupConfig              0x08001b2d   Thumb Code    26  sys.o(i.MY_NVIC_PriorityGroupConfig)
    MsgReviceProc                            0x08001b51   Thumb Code    22  cmdprocess.o(i.MsgReviceProc)
    Msg_Execute                              0x08001b79   Thumb Code   256  cmdprocess.o(i.Msg_Execute)
    Msg_Feedback                             0x08001c81   Thumb Code   114  cmdprocess.o(i.Msg_Feedback)
    Msg_Upload                               0x08001dc7   Thumb Code    52  msgpackage.o(i.Msg_Upload)
    Msg_UploadUnit                           0x08001dfb   Thumb Code    54  msgpackage.o(i.Msg_UploadUnit)
    Object_Check                             0x08001e31   Thumb Code   102  object.o(i.Object_Check)
    PHY_433Send                              0x08001ea5   Thumb Code    10  phymsgproc.o(i.PHY_433Send)
    PHY_RcvFIFO_Init                         0x08001eb1   Thumb Code    58  phymsgproc.o(i.PHY_RcvFIFO_Init)
    PHY_USARTSend                            0x08001efd   Thumb Code     4  phymsgproc.o(i.PHY_USARTSend)
    Process_FIFOData                         0x08001f01   Thumb Code    90  cmdprocess.o(i.Process_FIFOData)
    Program_Erase                            0x08001f61   Thumb Code    52  program.o(i.Program_Erase)
    Program_Read                             0x08001f95   Thumb Code    28  program.o(i.Program_Read)
    Program_Write                            0x08001fb1   Thumb Code    38  program.o(i.Program_Write)
    RCC_GetClocksFreq                        0x08001fd9   Thumb Code   158  system_stm32l1xx.o(i.RCC_GetClocksFreq)
    ReadDataFromEEPROM                       0x08002089   Thumb Code   102  eeprom.o(i.ReadDataFromEEPROM)
    SPI2_Init                                0x080022b1   Thumb Code   184  spi.o(i.SPI2_Init)
    SPI2_ReadWriteByte                       0x08002379   Thumb Code    68  spi.o(i.SPI2_ReadWriteByte)
    SPI2_SetSpeed                            0x080023c1   Thumb Code    32  spi.o(i.SPI2_SetSpeed)
    Set_433Channel_Attr                      0x08002551   Thumb Code    66  deviceupgradeattr.o(i.Set_433Channel_Attr)
    Set_IAPPackSave_Attr                     0x08002609   Thumb Code    64  deviceupgradeattr.o(i.Set_IAPPackSave_Attr)
    Set_IAPReady_Attr                        0x08002651   Thumb Code    42  deviceupgradeattr.o(i.Set_IAPReady_Attr)
    Set_UserDataFormat_Attr                  0x0800267b   Thumb Code    62  sysexeattr.o(i.Set_UserDataFormat_Attr)
    Si4432_Idle                              0x080026c9   Thumb Code    70  si4432.o(i.Si4432_Idle)
    Si4432_Init                              0x08002715   Thumb Code   646  si4432.o(i.Si4432_Init)
    Si4432_Send                              0x08002a19   Thumb Code    62  si4432.o(i.Si4432_Send)
    SysAttr_Init                             0x08002b3d   Thumb Code    40  sysexeattr.o(i.SysAttr_Init)
    SysEEPROMData_Init                       0x08002b6d   Thumb Code    54  userdata.o(i.SysEEPROMData_Init)
    SysHard_Init                             0x08002ba9   Thumb Code    36  syshard.o(i.SysHard_Init)
    SysTick_Handler                          0x08002bcd   Thumb Code    26  systick.o(i.SysTick_Handler)
    SysTick_Init                             0x08002bf1   Thumb Code    36  systick.o(i.SysTick_Init)
    Sys_UnitAttrNum                          0x08002c15   Thumb Code     4  sysexeattr.o(i.Sys_UnitAttrNum)
    SystemInit                               0x08002c19   Thumb Code    68  system_stm32l1xx.o(i.SystemInit)
    Thread_Init                              0x08002c91   Thumb Code     8  thread.o(i.Thread_Init)
    Thread_Login                             0x08002c9d   Thumb Code   136  thread.o(i.Thread_Login)
    Thread_Logout                            0x08002d29   Thumb Code    62  thread.o(i.Thread_Logout)
    Thread_Process                           0x08002d6d   Thumb Code   126  thread.o(i.Thread_Process)
    Thread_RunCheck                          0x08002df1   Thumb Code    54  thread.o(i.Thread_RunCheck)
    Thread_Wake                              0x08002e2d   Thumb Code   100  thread.o(i.Thread_Wake)
    Time_Get                                 0x08002e95   Thumb Code     6  systick.o(i.Time_Get)
    USART1_IRQHandler                        0x08002ea1   Thumb Code    44  usart.o(i.USART1_IRQHandler)
    USART_Init                               0x08002ed5   Thumb Code   168  usart.o(i.USART_Init)
    USART_Send                               0x08002f89   Thumb Code    32  usart.o(i.USART_Send)
    UnitCnt_Get                              0x08002fd9   Thumb Code     4  unitcfg.o(i.UnitCnt_Get)
    UnitPrivateEEPROMData_Init               0x08002fdd   Thumb Code    26  userdata.o(i.UnitPrivateEEPROMData_Init)
    UnitPrivateEEPROMUnitData_Init           0x08002ff9   Thumb Code    20  userdata.o(i.UnitPrivateEEPROMUnitData_Init)
    UnitPublicEEPROMData_Get                 0x08003011   Thumb Code    32  userdata.o(i.UnitPublicEEPROMData_Get)
    UnitPublicEEPROMData_Init                0x08003031   Thumb Code    26  userdata.o(i.UnitPublicEEPROMData_Init)
    UnitPublicEEPROMUnitData_Init            0x0800304d   Thumb Code    36  userdata.o(i.UnitPublicEEPROMUnitData_Init)
    Unit_Init                                0x08003075   Thumb Code    40  unitcfg.o(i.Unit_Init)
    Updata_Calibrate                         0x080030a5   Thumb Code    28  updata.o(i.Updata_Calibrate)
    Updata_Channel                           0x080030c5   Thumb Code   112  updata.o(i.Updata_Channel)
    Updata_Flag                              0x08003139   Thumb Code    58  updata.o(i.Updata_Flag)
    Updata_PackCheck                         0x08003179   Thumb Code    72  updata.o(i.Updata_PackCheck)
    Updata_PackProcess                       0x080031c5   Thumb Code    82  updata.o(i.Updata_PackProcess)
    UpgradePreStage                          0x0800321d   Thumb Code    92  updata.o(i.UpgradePreStage)
    Upload_Fault                             0x080032c1   Thumb Code    26  upload.o(i.Upload_Fault)
    UserData_Init                            0x080032ed   Thumb Code    92  userdata.o(i.UserData_Init)
    UserEEPROMData_Init                      0x08003351   Thumb Code    42  userdata.o(i.UserEEPROMData_Init)
    WriteDataToEEPROM                        0x08003385   Thumb Code   102  eeprom.o(i.WriteDataToEEPROM)
    WriteDataToEEPROMEx                      0x080033eb   Thumb Code   100  eeprom.o(i.WriteDataToEEPROMEx)
    decryptfifo_get                          0x08003451   Thumb Code   144  fifodataproc.o(i.decryptfifo_get)
    decryptfifo_getEx                        0x080034e9   Thumb Code    42  fifodataproc.o(i.decryptfifo_getEx)
    delay_ms                                 0x08003519   Thumb Code    28  delay.o(i.delay_ms)
    delay_us                                 0x08003535   Thumb Code    18  delay.o(i.delay_us)
    fifo_Init                                0x08003547   Thumb Code    22  fifo.o(i.fifo_Init)
    fifo_cmp                                 0x0800355d   Thumb Code    54  fifo.o(i.fifo_cmp)
    fifo_empty                               0x08003593   Thumb Code    16  fifo.o(i.fifo_empty)
    fifo_find                                0x080035a3   Thumb Code    76  fifo.o(i.fifo_find)
    fifo_gets                                0x0800360b   Thumb Code   102  fifo.o(i.fifo_gets)
    fifo_putc                                0x08003671   Thumb Code    54  fifo.o(i.fifo_putc)
    fifo_puts                                0x080036a7   Thumb Code    88  fifo.o(i.fifo_puts)
    fifo_validSize                           0x08003717   Thumb Code    20  fifo.o(i.fifo_validSize)
    head_put                                 0x0800372d   Thumb Code     8  fifodataproc.o(i.head_put)
    main                                     0x08003739   Thumb Code    34  main.o(i.main)
    memcmp                                   0x0800375b   Thumb Code    34  bestfulib.o(i.memcmp)
    memcpy                                   0x0800377d   Thumb Code    24  bestfulib.o(i.memcpy)
    memmove                                  0x08003795   Thumb Code    58  bestfulib.o(i.memmove)
    memset                                   0x080037cf   Thumb Code    16  bestfulib.o(i.memset)
    tail_put                                 0x080037e1   Thumb Code     8  fifodataproc.o(i.tail_put)
    CRCTable                                 0x080037ec   Data         512  crc.o(.constdata)
    HeadCMD                                  0x080039ec   Data           6  pivotaldatatype.o(.constdata)
    TailCMD                                  0x080039f2   Data           6  pivotaldatatype.o(.constdata)
    SysAttrTable                             0x080039f8   Data          96  sysexeattr.o(.constdata)
    DevPivotalSet                            0x08003a58   Data          72  devparttab.o(.constdata)
    UnitTab                                  0x08003aa8   Data          20  unitcfg.o(.constdata)
    ShiftBit                                 0x08003abc   Data           4  dataencrypt.o(.constdata)
    DerictShift                              0x08003ac0   Data           4  dataencrypt.o(.constdata)
    EncodeX                                  0x08003ac4   Data           4  dataencrypt.o(.constdata)
    EncodeY                                  0x08003ac8   Data           4  dataencrypt.o(.constdata)
    Region$$Table$$Base                      0x08003acc   Number         0  anon$$obj.o(Region$$Table)
    Region$$Table$$Limit                     0x08003aec   Number         0  anon$$obj.o(Region$$Table)
    APBAHBPrescTable                         0x20000000   Data           8  system_stm32l1xx.o(.data)
    PLLMulTable                              0x20000008   Data           9  system_stm32l1xx.o(.data)
    AHBPrescTable                            0x20000011   Data          16  system_stm32l1xx.o(.data)
    DelayID                                  0x20000028   Data           4  object.o(.data)
    UPDATA_LEVEL                             0x2000002c   Data           1  updata.o(.data)
    UpgradeSrc                               0x2000002d   Data           1  updata.o(.data)
    UpgradePre                               0x2000002e   Data         263  updata.o(.data)
    gUnitData                                0x20000158   Data           8  unitcfg.o(.data)
    rcv433Prc                                0x20000168   Data         272  cmdprocess.o(.bss)
    snd433Prc                                0x20000278   Data         272  cmdprocess.o(.bss)
    rcvUsartPrc                              0x20000388   Data         272  cmdprocess.o(.bss)
    sndUsartPrc                              0x20000498   Data         272  cmdprocess.o(.bss)
    phy_rcv433fifo                           0x200006e8   Data          16  phymsgproc.o(.bss)
    phy_snd433fifo                           0x200006f8   Data          16  phymsgproc.o(.bss)
    phy_rcvUsartfifo                         0x20000f08   Data          16  phymsgproc.o(.bss)
    phy_sndUsartfifo                         0x20000f18   Data          16  phymsgproc.o(.bss)
    IAP_FLAG                                 0x2000186c   Data          16  updata.o(.bss)
    RADIO_PARA                               0x2000187c   Data          16  updata.o(.bss)
    gSysData                                 0x2000188c   Data          31  userdata.o(.bss)
    __libspace_start                         0x200018ac   Data          96  libspace.o(.bss)
    __temporary_stack_top$libspace           0x2000190c   Data           0  libspace.o(.bss)



==============================================================================

Memory Map of the image

  Image Entry point : 0x080008f5

  Load Region LR_IROM1 (Base: 0x08000800, Size: 0x00003454, Max: 0x00020000, ABSOLUTE, COMPRESSED[0x00003310])

    Execution Region ER_IROM1 (Base: 0x08000800, Size: 0x000032ec, Max: 0x00020000, ABSOLUTE)

    Base Addr    Size         Type   Attr      Idx    E Section Name        Object

    0x08000800   0x000000f4   Data   RO           53    RESET               startup_stm32l1xx_md.o
    0x080008f4   0x00000008   Code   RO         1509  * !!!main             c_w.l(__main.o)
    0x080008fc   0x00000034   Code   RO         1668    !!!scatter          c_w.l(__scatter.o)
    0x08000930   0x0000005a   Code   RO         1666    !!dczerorl2         c_w.l(__dczerorl2.o)
    0x0800098a   0x00000002   PAD
    0x0800098c   0x0000001c   Code   RO         1670    !!handler_zi        c_w.l(__scatter_zi.o)
    0x080009a8   0x00000002   Code   RO         1536    .ARM.Collect$$libinit$$00000000  c_w.l(libinit.o)
    0x080009aa   0x00000000   Code   RO         1543    .ARM.Collect$$libinit$$00000002  c_w.l(libinit2.o)
    0x080009aa   0x00000000   Code   RO         1545    .ARM.Collect$$libinit$$00000004  c_w.l(libinit2.o)
    0x080009aa   0x00000000   Code   RO         1548    .ARM.Collect$$libinit$$0000000A  c_w.l(libinit2.o)
    0x080009aa   0x00000000   Code   RO         1550    .ARM.Collect$$libinit$$0000000C  c_w.l(libinit2.o)
    0x080009aa   0x00000000   Code   RO         1552    .ARM.Collect$$libinit$$0000000E  c_w.l(libinit2.o)
    0x080009aa   0x00000000   Code   RO         1555    .ARM.Collect$$libinit$$00000011  c_w.l(libinit2.o)
    0x080009aa   0x00000000   Code   RO         1557    .ARM.Collect$$libinit$$00000013  c_w.l(libinit2.o)
    0x080009aa   0x00000000   Code   RO         1559    .ARM.Collect$$libinit$$00000015  c_w.l(libinit2.o)
    0x080009aa   0x00000000   Code   RO         1561    .ARM.Collect$$libinit$$00000017  c_w.l(libinit2.o)
    0x080009aa   0x00000000   Code   RO         1563    .ARM.Collect$$libinit$$00000019  c_w.l(libinit2.o)
    0x080009aa   0x00000000   Code   RO         1565    .ARM.Collect$$libinit$$0000001B  c_w.l(libinit2.o)
    0x080009aa   0x00000000   Code   RO         1567    .ARM.Collect$$libinit$$0000001D  c_w.l(libinit2.o)
    0x080009aa   0x00000000   Code   RO         1569    .ARM.Collect$$libinit$$0000001F  c_w.l(libinit2.o)
    0x080009aa   0x00000000   Code   RO         1571    .ARM.Collect$$libinit$$00000021  c_w.l(libinit2.o)
    0x080009aa   0x00000000   Code   RO         1573    .ARM.Collect$$libinit$$00000023  c_w.l(libinit2.o)
    0x080009aa   0x00000000   Code   RO         1575    .ARM.Collect$$libinit$$00000025  c_w.l(libinit2.o)
    0x080009aa   0x00000000   Code   RO         1579    .ARM.Collect$$libinit$$0000002C  c_w.l(libinit2.o)
    0x080009aa   0x00000000   Code   RO         1581    .ARM.Collect$$libinit$$0000002E  c_w.l(libinit2.o)
    0x080009aa   0x00000000   Code   RO         1583    .ARM.Collect$$libinit$$00000030  c_w.l(libinit2.o)
    0x080009aa   0x00000000   Code   RO         1585    .ARM.Collect$$libinit$$00000032  c_w.l(libinit2.o)
    0x080009aa   0x00000002   Code   RO         1586    .ARM.Collect$$libinit$$00000033  c_w.l(libinit2.o)
    0x080009ac   0x00000002   Code   RO         1606    .ARM.Collect$$libshutdown$$00000000  c_w.l(libshutdown.o)
    0x080009ae   0x00000000   Code   RO         1619    .ARM.Collect$$libshutdown$$00000002  c_w.l(libshutdown2.o)
    0x080009ae   0x00000000   Code   RO         1621    .ARM.Collect$$libshutdown$$00000004  c_w.l(libshutdown2.o)
    0x080009ae   0x00000000   Code   RO         1624    .ARM.Collect$$libshutdown$$00000007  c_w.l(libshutdown2.o)
    0x080009ae   0x00000000   Code   RO         1627    .ARM.Collect$$libshutdown$$0000000A  c_w.l(libshutdown2.o)
    0x080009ae   0x00000000   Code   RO         1629    .ARM.Collect$$libshutdown$$0000000C  c_w.l(libshutdown2.o)
    0x080009ae   0x00000000   Code   RO         1632    .ARM.Collect$$libshutdown$$0000000F  c_w.l(libshutdown2.o)
    0x080009ae   0x00000002   Code   RO         1633    .ARM.Collect$$libshutdown$$00000010  c_w.l(libshutdown2.o)
    0x080009b0   0x00000000   Code   RO         1511    .ARM.Collect$$rtentry$$00000000  c_w.l(__rtentry.o)
    0x080009b0   0x00000000   Code   RO         1513    .ARM.Collect$$rtentry$$00000002  c_w.l(__rtentry2.o)
    0x080009b0   0x00000006   Code   RO         1525    .ARM.Collect$$rtentry$$00000004  c_w.l(__rtentry4.o)
    0x080009b6   0x00000000   Code   RO         1515    .ARM.Collect$$rtentry$$00000009  c_w.l(__rtentry2.o)
    0x080009b6   0x00000004   Code   RO         1516    .ARM.Collect$$rtentry$$0000000A  c_w.l(__rtentry2.o)
    0x080009ba   0x00000000   Code   RO         1518    .ARM.Collect$$rtentry$$0000000C  c_w.l(__rtentry2.o)
    0x080009ba   0x00000008   Code   RO         1519    .ARM.Collect$$rtentry$$0000000D  c_w.l(__rtentry2.o)
    0x080009c2   0x00000002   Code   RO         1540    .ARM.Collect$$rtexit$$00000000  c_w.l(rtexit.o)
    0x080009c4   0x00000000   Code   RO         1588    .ARM.Collect$$rtexit$$00000002  c_w.l(rtexit2.o)
    0x080009c4   0x00000004   Code   RO         1589    .ARM.Collect$$rtexit$$00000003  c_w.l(rtexit2.o)
    0x080009c8   0x00000006   Code   RO         1590    .ARM.Collect$$rtexit$$00000004  c_w.l(rtexit2.o)
    0x080009ce   0x00000002   PAD
    0x080009d0   0x00000040   Code   RO           54    .text               startup_stm32l1xx_md.o
    0x08000a10   0x00000030   Code   RO          880    .text               cpu.o
    0x08000a40   0x000003bc   Code   RO         1477    .text               Encode_lib.lib(dataencrypt.o)
    0x08000dfc   0x00000006   Code   RO         1507    .text               c_w.l(heapauxi.o)
    0x08000e02   0x0000004a   Code   RO         1527    .text               c_w.l(sys_stackheap_outer.o)
    0x08000e4c   0x00000012   Code   RO         1529    .text               c_w.l(exit.o)
    0x08000e5e   0x00000002   PAD
    0x08000e60   0x00000008   Code   RO         1537    .text               c_w.l(libspace.o)
    0x08000e68   0x0000000c   Code   RO         1598    .text               c_w.l(sys_exit.o)
    0x08000e74   0x00000002   Code   RO         1609    .text               c_w.l(use_no_semi.o)
    0x08000e76   0x00000000   Code   RO         1611    .text               c_w.l(indicate_semi.o)
    0x08000e76   0x00000002   PAD
    0x08000e78   0x00000028   Code   RO          589    i.AppJump_Init      updata.o
    0x08000ea0   0x00000048   Code   RO          590    i.Channel_Get       updata.o
    0x08000ee8   0x00000094   Code   RO         1296    i.Check_433M_Busy   si4432.o
    0x08000f7c   0x0000008c   Code   RO          402    i.Check_Repeat      object.o
    0x08001008   0x0000002c   Code   RO          190    i.ChkCrcValue       crc.o
    0x08001034   0x00000028   Code   RO          101    i.DataSend_Thread   cmdprocess.o
    0x0800105c   0x00000016   Code   RO         1058    i.Delay_nNOP        i2c.o
    0x08001072   0x00000002   PAD
    0x08001074   0x00000088   Code   RO          858    i.DevPivotalSetInit  devparttab.o
    0x080010fc   0x0000001c   Code   RO         1297    i.EXTI15_10_IRQHandler  si4432.o
    0x08001118   0x00000060   Code   RO         1180    i.EXTI_NVIC_Config  sys.o
    0x08001178   0x00000080   Code   RO          363    i.EncryptCmd_put    fifodataproc.o
    0x080011f8   0x00000088   Code   RO          102    i.FIFOInit          cmdprocess.o
    0x08001280   0x00000050   Code   RO          961    i.FLASH_ErasePage   flash.o
    0x080012d0   0x0000000a   Code   RO          780    i.FaultData_Init    faultmanage.o
    0x080012da   0x00000022   Code   RO          781    i.FaultData_Save    faultmanage.o
    0x080012fc   0x00000010   Code   RO          812    i.FaultMsg          upload.o
    0x0800130c   0x0000004c   Code   RO          782    i.Fault_Upload      faultmanage.o
    0x08001358   0x0000000c   Code   RO          883    i.Flash_ChipSize    program.o
    0x08001364   0x00000004   Code   RO          884    i.Flash_DefaultValue  program.o
    0x08001368   0x00000018   Code   RO          962    i.Flash_EOP         flash.o
    0x08001380   0x00000030   Code   RO          963    i.Flash_Status      flash.o
    0x080013b0   0x0000003c   Code   RO          964    i.Flash_Unlock      flash.o
    0x080013ec   0x00000036   Code   RO          965    i.Flash_Write       flash.o
    0x08001422   0x00000002   PAD
    0x08001424   0x00000010   Code   RO          966    i.Flash_lock        flash.o
    0x08001434   0x000000a4   Code   RO         1001    i.GPIO_Config       gpio.o
    0x080014d8   0x00000018   Code   RO         1004    i.GPIO_ReadInputDataBit  gpio.o
    0x080014f0   0x00000010   Code   RO         1006    i.GPIO_ResetBits    gpio.o
    0x08001500   0x00000010   Code   RO         1007    i.GPIO_SetBits      gpio.o
    0x08001510   0x0000003c   Code   RO          426    i.GetCurrentSrcFifoPtr  phymsgproc.o
    0x0800154c   0x0000000c   Code   RO          859    i.GetDevPivotalSet  devparttab.o
    0x08001558   0x00000012   Code   RO          223    i.Get_433Channel_Attr  deviceupgradeattr.o
    0x0800156a   0x0000003e   Code   RO          224    i.Get_DevUpgradeReady_Attr  deviceupgradeattr.o
    0x080015a8   0x00000044   Code   RO          481    i.Get_DeviceType_Attr  sysexeattr.o
    0x080015ec   0x00000044   Code   RO          225    i.Get_IAPPackCheck_Attr  deviceupgradeattr.o
    0x08001630   0x00000036   Code   RO          226    i.Get_IAPReady_Attr  deviceupgradeattr.o
    0x08001666   0x00000002   PAD
    0x08001668   0x00000078   Code   RO          482    i.Get_Version_Attr  sysexeattr.o
    0x080016e0   0x00000058   Code   RO         1216    i.HardID_Check      syshard.o
    0x08001738   0x00000046   Code   RO         1059    i.I2C_ACK           i2c.o
    0x0800177e   0x00000020   Code   RO         1060    i.I2C_Init          i2c.o
    0x0800179e   0x0000007e   Code   RO         1061    i.I2C_RecvB_Ack     i2c.o
    0x0800181c   0x00000060   Code   RO         1062    i.I2C_SendB_Ack     i2c.o
    0x0800187c   0x00000032   Code   RO         1063    i.I2C_Start         i2c.o
    0x080018ae   0x00000030   Code   RO         1064    i.I2C_Stop          i2c.o
    0x080018de   0x0000007c   Code   RO         1065    i.I2C_WaitAck       i2c.o
    0x0800195a   0x00000024   Code   RO         1066    i.IIC_GetState      i2c.o
    0x0800197e   0x00000066   Code   RO         1067    i.IIC_Read          i2c.o
    0x080019e4   0x0000004c   Code   RO         1068    i.IIC_Write         i2c.o
    0x08001a30   0x0000004a   Code   RO         1069    i.IIC_WriteSame     i2c.o
    0x08001a7a   0x00000002   PAD
    0x08001a7c   0x0000002c   Code   RO         1129    i.IWDG_Config       iwdg.o
    0x08001aa8   0x00000010   Code   RO         1130    i.IWDG_Feed         iwdg.o
    0x08001ab8   0x0000000c   Code   RO         1131    i.IWDG_FeedOFF      iwdg.o
    0x08001ac4   0x00000002   Code   RO         1419    i.Instruct_Run      instruct.o
    0x08001ac6   0x00000002   PAD
    0x08001ac8   0x00000024   Code   RO         1181    i.JumpToCode        sys.o
    0x08001aec   0x0000003e   Code   RO         1182    i.MY_NVIC_Init      sys.o
    0x08001b2a   0x00000002   PAD
    0x08001b2c   0x00000024   Code   RO         1183    i.MY_NVIC_PriorityGroupConfig  sys.o
    0x08001b50   0x00000028   Code   RO          103    i.MsgReviceProc     cmdprocess.o
    0x08001b78   0x00000108   Code   RO          104    i.Msg_Execute       cmdprocess.o
    0x08001c80   0x00000078   Code   RO          105    i.Msg_Feedback      cmdprocess.o
    0x08001cf8   0x00000048   Code   RO          744    i.Msg_Package       msgpackage.o
    0x08001d40   0x00000064   Code   RO          106    i.Msg_Process       cmdprocess.o
    0x08001da4   0x00000022   Code   RO          107    i.Msg_ReturnType    cmdprocess.o
    0x08001dc6   0x00000034   Code   RO          746    i.Msg_Upload        msgpackage.o
    0x08001dfa   0x00000036   Code   RO          747    i.Msg_UploadUnit    msgpackage.o
    0x08001e30   0x00000074   Code   RO          403    i.Object_Check      object.o
    0x08001ea4   0x0000000a   Code   RO          427    i.PHY_433Send       phymsgproc.o
    0x08001eae   0x00000002   PAD
    0x08001eb0   0x0000004c   Code   RO          428    i.PHY_RcvFIFO_Init  phymsgproc.o
    0x08001efc   0x00000004   Code   RO          429    i.PHY_USARTSend     phymsgproc.o
    0x08001f00   0x00000060   Code   RO          108    i.Process_FIFOData  cmdprocess.o
    0x08001f60   0x00000034   Code   RO          887    i.Program_Erase     program.o
    0x08001f94   0x0000001c   Code   RO          888    i.Program_Read      program.o
    0x08001fb0   0x00000026   Code   RO          889    i.Program_Write     program.o
    0x08001fd6   0x00000002   PAD
    0x08001fd8   0x000000b0   Code   RO            1    i.RCC_GetClocksFreq  system_stm32l1xx.o
    0x08002088   0x00000066   Code   RO          934    i.ReadDataFromEEPROM  eeprom.o
    0x080020ee   0x00000002   PAD
    0x080020f0   0x0000011c   Code   RO         1299    i.RecDataToFifo     si4432.o
    0x0800220c   0x0000000c   Code   RO         1300    i.SI4432_SendEn     si4432.o
    0x08002218   0x00000098   Code   RO         1301    i.SI4432_Send_All_Data  si4432.o
    0x080022b0   0x000000c8   Code   RO         1153    i.SPI2_Init         spi.o
    0x08002378   0x00000048   Code   RO         1154    i.SPI2_ReadWriteByte  spi.o
    0x080023c0   0x00000024   Code   RO         1155    i.SPI2_SetSpeed     spi.o
    0x080023e4   0x0000002c   Code   RO         1302    i.SPI_RW_Reg        si4432.o
    0x08002410   0x00000054   Code   RO         1303    i.SetMode_RX        si4432.o
    0x08002464   0x0000001e   Code   RO         1304    i.SetMode_TX        si4432.o
    0x08002482   0x00000002   PAD
    0x08002484   0x000000cc   Code   RO            2    i.SetSysClock       system_stm32l1xx.o
    0x08002550   0x00000048   Code   RO          227    i.Set_433Channel_Attr  deviceupgradeattr.o
    0x08002598   0x00000070   Code   RO          228    i.Set_IAPDataCRC_Attr  deviceupgradeattr.o
    0x08002608   0x00000048   Code   RO          229    i.Set_IAPPackSave_Attr  deviceupgradeattr.o
    0x08002650   0x0000002a   Code   RO          230    i.Set_IAPReady_Attr  deviceupgradeattr.o
    0x0800267a   0x0000003e   Code   RO          483    i.Set_UserDataFormat_Attr  sysexeattr.o
    0x080026b8   0x00000010   Code   RO         1305    i.Si4432_Fault      si4432.o
    0x080026c8   0x0000004c   Code   RO         1306    i.Si4432_Idle       si4432.o
    0x08002714   0x00000294   Code   RO         1307    i.Si4432_Init       si4432.o
    0x080029a8   0x00000070   Code   RO         1308    i.Si4432_PortInit   si4432.o
    0x08002a18   0x00000048   Code   RO         1309    i.Si4432_Send       si4432.o
    0x08002a60   0x000000dc   Code   RO         1310    i.Si4432_Threshold  si4432.o
    0x08002b3c   0x00000030   Code   RO          484    i.SysAttr_Init      sysexeattr.o
    0x08002b6c   0x0000003c   Code   RO          664    i.SysEEPROMData_Init  userdata.o
    0x08002ba8   0x00000024   Code   RO         1217    i.SysHard_Init      syshard.o
    0x08002bcc   0x00000024   Code   RO         1241    i.SysTick_Handler   systick.o
    0x08002bf0   0x00000024   Code   RO         1242    i.SysTick_Init      systick.o
    0x08002c14   0x00000004   Code   RO          485    i.Sys_UnitAttrNum   sysexeattr.o
    0x08002c18   0x00000058   Code   RO            3    i.SystemInit        system_stm32l1xx.o
    0x08002c70   0x00000020   Code   RO          534    i.Thread_Check      thread.o
    0x08002c90   0x0000000c   Code   RO          536    i.Thread_Init       thread.o
    0x08002c9c   0x0000008c   Code   RO          537    i.Thread_Login      thread.o
    0x08002d28   0x00000044   Code   RO          538    i.Thread_Logout     thread.o
    0x08002d6c   0x00000084   Code   RO          539    i.Thread_Process    thread.o
    0x08002df0   0x0000003c   Code   RO          540    i.Thread_RunCheck   thread.o
    0x08002e2c   0x00000068   Code   RO          541    i.Thread_Wake       thread.o
    0x08002e94   0x0000000c   Code   RO         1243    i.Time_Get          systick.o
    0x08002ea0   0x00000034   Code   RO         1267    i.USART1_IRQHandler  usart.o
    0x08002ed4   0x000000b4   Code   RO         1268    i.USART_Init        usart.o
    0x08002f88   0x00000020   Code   RO         1269    i.USART_Send        usart.o
    0x08002fa8   0x00000030   Code   RO         1270    i.USART_Write       usart.o
    0x08002fd8   0x00000004   Code   RO         1448    i.UnitCnt_Get       unitcfg.o
    0x08002fdc   0x0000001a   Code   RO          666    i.UnitPrivateEEPROMData_Init  userdata.o
    0x08002ff6   0x00000002   PAD
    0x08002ff8   0x00000018   Code   RO          667    i.UnitPrivateEEPROMUnitData_Init  userdata.o
    0x08003010   0x00000020   Code   RO          668    i.UnitPublicEEPROMData_Get  userdata.o
    0x08003030   0x0000001a   Code   RO          669    i.UnitPublicEEPROMData_Init  userdata.o
    0x0800304a   0x00000002   PAD
    0x0800304c   0x00000028   Code   RO          671    i.UnitPublicEEPROMUnitData_Init  userdata.o
    0x08003074   0x00000030   Code   RO         1449    i.Unit_Init         unitcfg.o
    0x080030a4   0x00000020   Code   RO          591    i.Updata_Calibrate  updata.o
    0x080030c4   0x00000074   Code   RO          592    i.Updata_Channel    updata.o
    0x08003138   0x00000040   Code   RO          593    i.Updata_Flag       updata.o
    0x08003178   0x0000004c   Code   RO          594    i.Updata_PackCheck  updata.o
    0x080031c4   0x00000058   Code   RO          595    i.Updata_PackProcess  updata.o
    0x0800321c   0x00000060   Code   RO          596    i.UpgradePreStage   updata.o
    0x0800327c   0x00000044   Code   RO          597    i.UpgradeReady      updata.o
    0x080032c0   0x00000024   Code   RO          813    i.Upload_Fault      upload.o
    0x080032e4   0x00000006   Code   RO          486    i.Upload_RESTART    sysexeattr.o
    0x080032ea   0x00000002   PAD
    0x080032ec   0x00000064   Code   RO          672    i.UserData_Init     userdata.o
    0x08003350   0x00000034   Code   RO          673    i.UserEEPROMData_Init  userdata.o
    0x08003384   0x00000066   Code   RO          935    i.WriteDataToEEPROM  eeprom.o
    0x080033ea   0x00000064   Code   RO          936    i.WriteDataToEEPROMEx  eeprom.o
    0x0800344e   0x00000002   PAD
    0x08003450   0x00000098   Code   RO          364    i.decryptfifo_get   fifodataproc.o
    0x080034e8   0x00000030   Code   RO          365    i.decryptfifo_getEx  fifodataproc.o
    0x08003518   0x0000001c   Code   RO         1400    i.delay_ms          delay.o
    0x08003534   0x00000012   Code   RO         1401    i.delay_us          delay.o
    0x08003546   0x00000016   Code   RO          287    i.fifo_Init         fifo.o
    0x0800355c   0x00000036   Code   RO          289    i.fifo_cmp          fifo.o
    0x08003592   0x00000010   Code   RO          290    i.fifo_empty        fifo.o
    0x080035a2   0x0000004c   Code   RO          291    i.fifo_find         fifo.o
    0x080035ee   0x0000001c   Code   RO          292    i.fifo_full         fifo.o
    0x0800360a   0x00000066   Code   RO          294    i.fifo_gets         fifo.o
    0x08003670   0x00000036   Code   RO          295    i.fifo_putc         fifo.o
    0x080036a6   0x00000058   Code   RO          296    i.fifo_puts         fifo.o
    0x080036fe   0x00000018   Code   RO          297    i.fifo_surplusSize  fifo.o
    0x08003716   0x00000014   Code   RO          298    i.fifo_validSize    fifo.o
    0x0800372a   0x00000002   PAD
    0x0800372c   0x0000000c   Code   RO          366    i.head_put          fifodataproc.o
    0x08003738   0x00000022   Code   RO         1436    i.main              main.o
    0x0800375a   0x00000022   Code   RO           59    i.memcmp            bestfulib.o
    0x0800377c   0x00000018   Code   RO           60    i.memcpy            bestfulib.o
    0x08003794   0x0000003a   Code   RO           62    i.memmove           bestfulib.o
    0x080037ce   0x00000010   Code   RO           63    i.memset            bestfulib.o
    0x080037de   0x00000002   PAD
    0x080037e0   0x0000000c   Code   RO          367    i.tail_put          fifodataproc.o
    0x080037ec   0x00000200   Data   RO          192    .constdata          crc.o
    0x080039ec   0x00000006   Data   RO          468    .constdata          pivotaldatatype.o
    0x080039f2   0x00000006   Data   RO          469    .constdata          pivotaldatatype.o
    0x080039f8   0x00000060   Data   RO          487    .constdata          sysexeattr.o
    0x08003a58   0x00000048   Data   RO          860    .constdata          devparttab.o
    0x08003aa0   0x00000008   Data   RO         1312    .constdata          si4432.o
    0x08003aa8   0x00000014   Data   RO         1450    .constdata          unitcfg.o
    0x08003abc   0x00000010   Data   RO         1478    .constdata          Encode_lib.lib(dataencrypt.o)
    0x08003acc   0x00000020   Data   RO         1664    Region$$Table       anon$$obj.o


    Execution Region RW_IRAM1 (Base: 0x20000000, Size: 0x00001f10, Max: 0x00004000, ABSOLUTE, COMPRESSED[0x00000024])

    Base Addr    Size         Type   Attr      Idx    E Section Name        Object

    0x20000000   0x00000021   Data   RW            4    .data               system_stm32l1xx.o
    0x20000021   0x00000003   PAD
    0x20000024   0x00000008   Data   RW          405    .data               object.o
    0x2000002c   0x00000109   Data   RW          599    .data               updata.o
    0x20000135   0x00000001   Data   RW          675    .data               userdata.o
    0x20000136   0x00000001   Data   RW          814    .data               upload.o
    0x20000137   0x00000001   PAD
    0x20000138   0x00000004   Data   RW          861    .data               devparttab.o
    0x2000013c   0x00000004   Data   RW         1244    .data               systick.o
    0x20000140   0x00000018   Data   RW         1313    .data               si4432.o
    0x20000158   0x00000008   Data   RW         1451    .data               unitcfg.o
    0x20000160   0x00000008   Data   RW         1479    .data               Encode_lib.lib(dataencrypt.o)
    0x20000168   0x00000440   Zero   RW          109    .bss                cmdprocess.o
    0x200005a8   0x00000118   Zero   RW          404    .bss                object.o
    0x200006c0   0x00001068   Zero   RW          430    .bss                phymsgproc.o
    0x20001728   0x00000144   Zero   RW          542    .bss                thread.o
    0x2000186c   0x00000020   Zero   RW          598    .bss                updata.o
    0x2000188c   0x0000001f   Zero   RW          674    .bss                userdata.o
    0x200018ab   0x00000001   PAD
    0x200018ac   0x00000060   Zero   RW         1538    .bss                c_w.l(libspace.o)
    0x2000190c   0x00000004   PAD
    0x20001910   0x00000200   Zero   RW           52    HEAP                startup_stm32l1xx_md.o
    0x20001b10   0x00000400   Zero   RW           51    STACK               startup_stm32l1xx_md.o


==============================================================================

Image component sizes


      Code (inc. data)   RO Data    RW Data    ZI Data      Debug   Object Name

       132          0          0          0          0       4089   bestfulib.o
       830         96          0          0       1088      16412   cmdprocess.o
        48          8          0          0          0        420   cpu.o
        44          4        512          0          0       1841   crc.o
        46          0          0          0          0       1390   delay.o
         0          0          0          0          0       1000   deviceidsetattr.o
       500         34          0          0          0       9281   deviceupgradeattr.o
       148         18         72          4          0       2631   devparttab.o
       304          0          0          0          0       3523   eeprom.o
       120          4          0          0          0       2293   faultmanage.o
       484          0          0          0          0       9037   fifo.o
       352         32          0          0          0       4969   fifodataproc.o
       282         40          0          0          0       5360   flash.o
       220         26          0          0          0       6738   gpio.o
       856          0          0          0          0       9845   i2c.o
         2          0          0          0          0        611   instruct.o
        72         20          0          0          0       1921   iwdg.o
        34          0          0          0          0        675   main.o
       178          4          0          0          0       3350   msgpackage.o
       256         22          0          8        280       3805   object.o
       150         26          0          0       4200       5286   phymsgproc.o
         0          0         12          0          0       1078   pivotaldatatype.o
       134          6          0          0          0       5229   program.o
      1938         88          8         24          0      12389   si4432.o
       308         24          0          0          0       2229   spi.o
        64         26        244          0       1536        988   startup_stm32l1xx_md.o
       230         26          0          0          0       3877   sys.o
       308         14         96          0          0       6823   sysexeattr.o
       124         14          0          0          0       2350   syshard.o
       468         52          0         33          0     197082   system_stm32l1xx.o
        84         16          0          4          0       3224   systick.o
       548         34          0          0        324       6850   thread.o
        52          8         20          8          0       2502   unitcfg.o
       652         42          0        265         32      10126   updata.o
        52         14          0          1          0       1735   upload.o
       312         26          0          0          0       3874   usart.o
       360         32          0          1         31       8623   userdata.o

    ----------------------------------------------------------------------
     10724        756        996        352       7492     363456   Object Totals
         0          0         32          0          0          0   (incl. Generated)
        32          0          0          4          1          0   (incl. Padding)

    ----------------------------------------------------------------------

      Code (inc. data)   RO Data    RW Data    ZI Data      Debug   Library Member Name

       956         24         16          8          0       3753   dataencrypt.o
        90          0          0          0          0          0   __dczerorl2.o
         8          0          0          0          0         68   __main.o
         0          0          0          0          0          0   __rtentry.o
        12          0          0          0          0          0   __rtentry2.o
         6          0          0          0          0          0   __rtentry4.o
        52          8          0          0          0          0   __scatter.o
        28          0          0          0          0          0   __scatter_zi.o
        18          0          0          0          0         80   exit.o
         6          0          0          0          0        152   heapauxi.o
         0          0          0          0          0          0   indicate_semi.o
         2          0          0          0          0          0   libinit.o
         2          0          0          0          0          0   libinit2.o
         2          0          0          0          0          0   libshutdown.o
         2          0          0          0          0          0   libshutdown2.o
         8          4          0          0         96         68   libspace.o
         2          0          0          0          0          0   rtexit.o
        10          0          0          0          0          0   rtexit2.o
        12          4          0          0          0         68   sys_exit.o
        74          0          0          0          0         80   sys_stackheap_outer.o
         2          0          0          0          0         68   use_no_semi.o

    ----------------------------------------------------------------------
      1300         40         16          8        100       4337   Library Totals
         8          0          0          0          4          0   (incl. Padding)

    ----------------------------------------------------------------------

      Code (inc. data)   RO Data    RW Data    ZI Data      Debug   Library Name

       956         24         16          8          0       3753   Encode_lib.lib
       336         16          0          0         96        584   c_w.l

    ----------------------------------------------------------------------
      1300         40         16          8        100       4337   Library Totals

    ----------------------------------------------------------------------

==============================================================================


      Code (inc. data)   RO Data    RW Data    ZI Data      Debug   

     12024        796       1012        360       7592     359833   Grand Totals
     12024        796       1012         36       7592     359833   ELF Image Totals (compressed)
     12024        796       1012         36          0          0   ROM Totals

==============================================================================

    Total RO  Size (Code + RO Data)                13036 (  12.73kB)
    Total RW  Size (RW Data + ZI Data)              7952 (   7.77kB)
    Total ROM Size (Code + RO Data + RW Data)      13072 (  12.77kB)

==============================================================================

