<html>
<body>
<pre>
<h1>礦ision Build Log</h1>
<h2>Tool Versions:</h2>
IDE-Version: μVision V5.20.0.0
Copyright (C) 2016 ARM Ltd and ARM Germany GmbH. All rights reserved.
License Information: m Microsoft, Microsoft, LIC=TIVHL-0ED2F-JI25S-LEGYA-AGN9Z-W47WG
 
Tool Versions:
Toolchain:       MDK-ARM Plus  Version: 5.20
Toolchain Path:  d:\Keil\ARM\ARMCC\Bin
C Compiler:      Armcc.exe V5.06 update 2 (build 183)
Assembler:       Armasm.exe V5.06 update 2 (build 183)
Linker/Locator:  ArmLink.exe V5.06 update 2 (build 183)
Library Manager: ArmAr.exe V5.06 update 2 (build 183)
Hex Converter:   FromElf.exe V5.06 update 2 (build 183)
CPU DLL:         SARMCM3.DLL V5.20
Dialog DLL:      DCM.DLL V1.13.7.0
Target DLL:      Segger\JL2CM3.dll V2.99.20.0
Dialog DLL:      TCM.DLL V1.14.9.0
 
<h2>Project:</h2>
E:\CompanyFiles\原始功能代码-功能实现\20160330系统库测试\20160601系统库测试设备端移植程序\320.IPL6086-S0 -智能触摸面板（自定义场景6按键方形面板）\Trunk\BootLoader_1_Library\BootLoader Source\STM32L15x_Medium\Project\STM32L15x_bootloader_1.uvprojx
Project File Date:  05/24/2016

<h2>Output:</h2>
*** Using Compiler 'V5.06 update 2 (build 183)', folder: 'd:\Keil\ARM\ARMCC\Bin'
Rebuild target 'Target 1'
assembling startup_stm32l1xx_md.s...
compiling BestFuLib.c...
compiling system_stm32l1xx.c...
compiling CMDProcess.c...
compiling CRC.c...
compiling DeviceIDSetAttr.c...
compiling FifoDataProc.c...
compiling Fifo.c...
compiling DeviceUpgradeAttr.c...
compiling Object.c...
compiling PhyMsgProc.c...
compiling PivotalDataType.c...
compiling Thread.c...
compiling SysExeAttr.c...
compiling Updata.c...
compiling MsgPackage.c...
compiling UserData.c...
compiling FaultManage.c...
compiling UnitShare_Attr.c...
compiling DevPartTab.c...
compiling Upload.c...
assembling cpu.asm...
compiling EEPROM.c...
compiling Program.c...
compiling flash.c...
compiling gpio.c...
compiling i2c.c...
compiling iwdg.c...
compiling spi.c...
compiling sys.c...
compiling SysHard.c...
compiling SysTick.c...
compiling usart.c...
compiling SI4432.c...
compiling Delay.c...
compiling Instruct.c...
compiling UnitCfg.c...
compiling main.c...
linking...
Program Size: Code=12024 RO-data=1012 RW-data=360 ZI-data=7592  
FromELF: creating hex file...
After Build - User command #1: fromelf.exe --bin -o "..\Output\STM32L15x_Medium_b1_V10000.bin" "..\Output\STM32L15x_Medium_b1_V10000.axf"
"..\Output\STM32L15x_Medium_b1_V10000.axf" - 0 Error(s), 0 Warning(s).

<h2>Collection of Component include folders:</h2>
  E:\CompanyFiles\原始功能代码-功能实现\20160330系统库测试\20160601系统库测试设备端移植程序\320.IPL6086-S0 -智能触摸面板（自定义场景6按键方形面板）\Trunk\BootLoader_1_Library\BootLoader Source\STM32L15x_Medium\Project\RTE
  d:\Keil\ARM\PACK\Keil\STM32L1xx_DFP\1.0.2\Device\Include

<h2>Collection of Component Files used:</h2>
Build Time Elapsed:  00:00:04
</pre>
</body>
</html>
