<html>
<body>
<pre>
<h1>礦ision Build Log</h1>
<h2>Tool Versions:</h2>
IDE-Version: μVision V5.20.0.0
Copyright (C) 2016 ARM Ltd and ARM Germany GmbH. All rights reserved.
License Information: m Microsoft, Microsoft, LIC=TIVHL-0ED2F-JI25S-LEGYA-AGN9Z-W47WG
 
Tool Versions:
Toolchain:       MDK-ARM Plus  Version: 5.20
Toolchain Path:  d:\Keil\ARM\ARMCC\Bin
C Compiler:      Armcc.exe V5.06 update 2 (build 183)
Assembler:       Armasm.exe V5.06 update 2 (build 183)
Linker/Locator:  ArmLink.exe V5.06 update 2 (build 183)
Library Manager: ArmAr.exe V5.06 update 2 (build 183)
Hex Converter:   FromElf.exe V5.06 update 2 (build 183)
CPU DLL:         SARMCM3.DLL V5.20
Dialog DLL:      DCM.DLL V1.13.7.0
Target DLL:      UL2CM3.DLL V1.157.18.0
Dialog DLL:      TCM.DLL V1.14.9.0
 
<h2>Project:</h2>
E:\CompanyFiles\原始功能代码-功能实现\20160330系统库测试\20160601系统库测试设备端移植程序\320.IPL6086-S0 -智能触摸面板（自定义场景6按键方形面板）\Trunk\BootLoader_0_Library\BootLoader Source\STM32L15X_Medium\Project\STM32L15X_bootloader_0.uvprojx
Project File Date:  05/27/2016

<h2>Output:</h2>
*** Using Compiler 'V5.06 update 2 (build 183)', folder: 'd:\Keil\ARM\ARMCC\Bin'
Rebuild target 'Target 1'
assembling startup_stm32l1xx_md.s...
compiling main.c...
linking...
Program Size: Code=376 RO-data=260 RW-data=0 ZI-data=1632  
FromELF: creating hex file...
After Build - User command #1: fromelf.exe --bin -o "..\Output\STM32L1xx_Medium_b0_V10000.bin" "..\Output\STM32L1xx_Medium_b0_V10000.axf"
"..\Output\STM32L1xx_Medium_b0_V10000.axf" - 0 Error(s), 0 Warning(s).

<h2>Collection of Component include folders:</h2>
  E:\CompanyFiles\原始功能代码-功能实现\20160330系统库测试\20160601系统库测试设备端移植程序\320.IPL6086-S0 -智能触摸面板（自定义场景6按键方形面板）\Trunk\BootLoader_0_Library\BootLoader Source\STM32L15X_Medium\Project\RTE
  d:\Keil\ARM\PACK\Keil\STM32F1xx_DFP\2.1.0\Device\Include

<h2>Collection of Component Files used:</h2>
Build Time Elapsed:  00:00:00
</pre>
</body>
</html>
